Archive member included to satisfy reference by file (symbol)

c:/program files (x86)/atmel/studio/7.0/toolchain/arm/arm-gnu-toolchain/bin/../lib/gcc/arm-none-eabi/6.2.1/thumb/v6-m\libgcc.a(_udivsi3.o)
                              hpl/core/hpl_core_m0plus_base.o (__aeabi_uidiv)
c:/program files (x86)/atmel/studio/7.0/toolchain/arm/arm-gnu-toolchain/bin/../lib/gcc/arm-none-eabi/6.2.1/thumb/v6-m\libgcc.a(_dvmd_tls.o)
                              c:/program files (x86)/atmel/studio/7.0/toolchain/arm/arm-gnu-toolchain/bin/../lib/gcc/arm-none-eabi/6.2.1/thumb/v6-m\libgcc.a(_udivsi3.o) (__aeabi_idiv0)
c:/program files (x86)/atmel/studio/7.0/toolchain/arm/arm-gnu-toolchain/bin/../lib/gcc/arm-none-eabi/6.2.1/thumb/v6-m\libgcc.a(_aeabi_uldivmod.o)
                              hpl/sercom/hpl_sercom.o (__aeabi_uldivmod)
c:/program files (x86)/atmel/studio/7.0/toolchain/arm/arm-gnu-toolchain/bin/../lib/gcc/arm-none-eabi/6.2.1/thumb/v6-m\libgcc.a(_muldi3.o)
                              hpl/sercom/hpl_sercom.o (__aeabi_lmul)
c:/program files (x86)/atmel/studio/7.0/toolchain/arm/arm-gnu-toolchain/bin/../lib/gcc/arm-none-eabi/6.2.1/thumb/v6-m\libgcc.a(_fixunsdfsi.o)
                              hpl/sercom/hpl_sercom.o (__aeabi_d2uiz)
c:/program files (x86)/atmel/studio/7.0/toolchain/arm/arm-gnu-toolchain/bin/../lib/gcc/arm-none-eabi/6.2.1/thumb/v6-m\libgcc.a(_udivmoddi4.o)
                              c:/program files (x86)/atmel/studio/7.0/toolchain/arm/arm-gnu-toolchain/bin/../lib/gcc/arm-none-eabi/6.2.1/thumb/v6-m\libgcc.a(_aeabi_uldivmod.o) (__udivmoddi4)
c:/program files (x86)/atmel/studio/7.0/toolchain/arm/arm-gnu-toolchain/bin/../lib/gcc/arm-none-eabi/6.2.1/thumb/v6-m\libgcc.a(divdf3.o)
                              hpl/sercom/hpl_sercom.o (__aeabi_ddiv)
c:/program files (x86)/atmel/studio/7.0/toolchain/arm/arm-gnu-toolchain/bin/../lib/gcc/arm-none-eabi/6.2.1/thumb/v6-m\libgcc.a(muldf3.o)
                              hpl/sercom/hpl_sercom.o (__aeabi_dmul)
c:/program files (x86)/atmel/studio/7.0/toolchain/arm/arm-gnu-toolchain/bin/../lib/gcc/arm-none-eabi/6.2.1/thumb/v6-m\libgcc.a(subdf3.o)
                              hpl/sercom/hpl_sercom.o (__aeabi_dsub)
c:/program files (x86)/atmel/studio/7.0/toolchain/arm/arm-gnu-toolchain/bin/../lib/gcc/arm-none-eabi/6.2.1/thumb/v6-m\libgcc.a(fixdfsi.o)
                              c:/program files (x86)/atmel/studio/7.0/toolchain/arm/arm-gnu-toolchain/bin/../lib/gcc/arm-none-eabi/6.2.1/thumb/v6-m\libgcc.a(_fixunsdfsi.o) (__aeabi_d2iz)
c:/program files (x86)/atmel/studio/7.0/toolchain/arm/arm-gnu-toolchain/bin/../lib/gcc/arm-none-eabi/6.2.1/thumb/v6-m\libgcc.a(floatsidf.o)
                              hpl/sercom/hpl_sercom.o (__aeabi_i2d)
c:/program files (x86)/atmel/studio/7.0/toolchain/arm/arm-gnu-toolchain/bin/../lib/gcc/arm-none-eabi/6.2.1/thumb/v6-m\libgcc.a(floatunsidf.o)
                              hpl/sercom/hpl_sercom.o (__aeabi_ui2d)
c:/program files (x86)/atmel/studio/7.0/toolchain/arm/arm-gnu-toolchain/bin/../lib/gcc/arm-none-eabi/6.2.1/thumb/v6-m\libgcc.a(_arm_cmpdf2.o)
                              c:/program files (x86)/atmel/studio/7.0/toolchain/arm/arm-gnu-toolchain/bin/../lib/gcc/arm-none-eabi/6.2.1/thumb/v6-m\libgcc.a(_fixunsdfsi.o) (__aeabi_dcmpge)
c:/program files (x86)/atmel/studio/7.0/toolchain/arm/arm-gnu-toolchain/bin/../lib/gcc/arm-none-eabi/6.2.1/thumb/v6-m\libgcc.a(_clzsi2.o)
                              c:/program files (x86)/atmel/studio/7.0/toolchain/arm/arm-gnu-toolchain/bin/../lib/gcc/arm-none-eabi/6.2.1/thumb/v6-m\libgcc.a(divdf3.o) (__clzsi2)
c:/program files (x86)/atmel/studio/7.0/toolchain/arm/arm-gnu-toolchain/bin/../lib/gcc/arm-none-eabi/6.2.1/thumb/v6-m\libgcc.a(_clzdi2.o)
                              c:/program files (x86)/atmel/studio/7.0/toolchain/arm/arm-gnu-toolchain/bin/../lib/gcc/arm-none-eabi/6.2.1/thumb/v6-m\libgcc.a(_udivmoddi4.o) (__clzdi2)
c:/program files (x86)/atmel/studio/7.0/toolchain/arm/arm-gnu-toolchain/bin/../lib/gcc/arm-none-eabi/6.2.1/thumb/v6-m\libgcc.a(eqdf2.o)
                              c:/program files (x86)/atmel/studio/7.0/toolchain/arm/arm-gnu-toolchain/bin/../lib/gcc/arm-none-eabi/6.2.1/thumb/v6-m\libgcc.a(_arm_cmpdf2.o) (__eqdf2)
c:/program files (x86)/atmel/studio/7.0/toolchain/arm/arm-gnu-toolchain/bin/../lib/gcc/arm-none-eabi/6.2.1/thumb/v6-m\libgcc.a(gedf2.o)
                              c:/program files (x86)/atmel/studio/7.0/toolchain/arm/arm-gnu-toolchain/bin/../lib/gcc/arm-none-eabi/6.2.1/thumb/v6-m\libgcc.a(_arm_cmpdf2.o) (__gedf2)
c:/program files (x86)/atmel/studio/7.0/toolchain/arm/arm-gnu-toolchain/bin/../lib/gcc/arm-none-eabi/6.2.1/thumb/v6-m\libgcc.a(ledf2.o)
                              c:/program files (x86)/atmel/studio/7.0/toolchain/arm/arm-gnu-toolchain/bin/../lib/gcc/arm-none-eabi/6.2.1/thumb/v6-m\libgcc.a(_arm_cmpdf2.o) (__ledf2)
[...]
Memory Configuration

Name             Origin             Length             Attributes
rom              0x00000000         0x00040000         xr
ram              0x20000000         0x00008000         xrw
*default*        0x00000000         0xffffffff

Linker script and memory map

LOAD c:/program files (x86)/atmel/studio/7.0/toolchain/arm/arm-gnu-toolchain/bin/../lib/gcc/arm-none-eabi/6.2.1/thumb/v6-m/crti.o
LOAD c:/program files (x86)/atmel/studio/7.0/toolchain/arm/arm-gnu-toolchain/bin/../lib/gcc/arm-none-eabi/6.2.1/thumb/v6-m/crtbegin.o
LOAD c:/program files (x86)/atmel/studio/7.0/toolchain/arm/arm-gnu-toolchain/bin/../lib/gcc/arm-none-eabi/6.2.1/../../../../arm-none-eabi/lib/thumb/v6-m/crt0.o
LOAD app/app.o
LOAD app/drivers/sx1238_hal.o
LOAD atmel_start.o
LOAD Device_Startup/startup_samd21.o
LOAD Device_Startup/system_samd21.o
LOAD driver_init.o
LOAD examples/driver_examples.o
LOAD hal/src/hal_atomic.o
LOAD hal/src/hal_delay.o
LOAD hal/src/hal_gpio.o
LOAD hal/src/hal_init.o
LOAD hal/src/hal_io.o
LOAD hal/src/hal_sleep.o
LOAD hal/src/hal_spi_m_sync.o
LOAD hal/src/hal_timer.o
LOAD hal/src/hal_usart_sync.o
LOAD hal/utils/src/utils_assert.o
LOAD hal/utils/src/utils_event.o
LOAD hal/utils/src/utils_list.o
LOAD hal/utils/src/utils_syscalls.o
LOAD hpl/core/hpl_core_m0plus_base.o
LOAD hpl/core/hpl_init.o
LOAD hpl/dmac/hpl_dmac.o
LOAD hpl/gclk/hpl_gclk.o
LOAD hpl/pm/hpl_pm.o
LOAD hpl/sercom/hpl_sercom.o
LOAD hpl/sysctrl/hpl_sysctrl.o
LOAD hpl/systick/hpl_systick.o
LOAD hpl/tc/hpl_tc.o
LOAD main.o
START GROUP
LOAD c:/program files (x86)/atmel/studio/7.0/toolchain/arm/arm-gnu-toolchain/bin/../lib/gcc/arm-none-eabi/6.2.1/../../../../arm-none-eabi/lib/thumb/v6-m\libm.a
END GROUP
START GROUP
LOAD c:/program files (x86)/atmel/studio/7.0/toolchain/arm/arm-gnu-toolchain/bin/../lib/gcc/arm-none-eabi/6.2.1/thumb/v6-m\libgcc.a
LOAD c:/program files (x86)/atmel/studio/7.0/toolchain/arm/arm-gnu-toolchain/bin/../lib/gcc/arm-none-eabi/6.2.1/../../../../arm-none-eabi/lib/thumb/v6-m\libc_nano.a
END GROUP
START GROUP
LOAD c:/program files (x86)/atmel/studio/7.0/toolchain/arm/arm-gnu-toolchain/bin/../lib/gcc/arm-none-eabi/6.2.1/thumb/v6-m\libgcc.a
LOAD c:/program files (x86)/atmel/studio/7.0/toolchain/arm/arm-gnu-toolchain/bin/../lib/gcc/arm-none-eabi/6.2.1/../../../../arm-none-eabi/lib/thumb/v6-m\libc_nano.a
END GROUP
LOAD c:/program files (x86)/atmel/studio/7.0/toolchain/arm/arm-gnu-toolchain/bin/../lib/gcc/arm-none-eabi/6.2.1/thumb/v6-m/crtend.o
LOAD c:/program files (x86)/atmel/studio/7.0/toolchain/arm/arm-gnu-toolchain/bin/../lib/gcc/arm-none-eabi/6.2.1/thumb/v6-m/crtn.o
                0x00002000                STACK_SIZE = DEFINED (STACK_SIZE)?STACK_SIZE:DEFINED (__stack_size__)?__stack_size__:0x2000

.text           0x00000000     0x105c
                0x00000000                . = ALIGN (0x4)
                0x00000000                _sfixed = .
 *(.vectors .vectors.*)
 .vectors       0x00000000       0xb4 Device_Startup/startup_samd21.o
                0x00000000                exception_table
 *(.text .text.* .gnu.linkonce.t.*)
 .text          0x000000b4       0x60 c:/program files (x86)/atmel/studio/7.0/toolchain/arm/arm-gnu-toolchain/bin/../lib/gcc/arm-none-eabi/6.2.1/thumb/v6-m/crtbegin.o
 .text.atmel_start_init
                0x00000114        0xc atmel_start.o
                0x00000114                atmel_start_init
 .text.Dummy_Handler
                0x00000120        0x2 Device_Startup/startup_samd21.o
                0x00000120                DMAC_Handler
                0x00000120                HardFault_Handler
                0x00000120                AC_Handler
                0x00000120                PendSV_Handler
                0x00000120                NMI_Handler
                0x00000120                SERCOM1_Handler
                0x00000120                ADC_Handler
                0x00000120                TCC1_Handler
                0x00000120                SERCOM2_Handler
                0x00000120                TCC0_Handler
                0x00000120                RTC_Handler
                0x00000120                EIC_Handler
                0x00000120                WDT_Handler
                0x00000120                TC4_Handler
                0x00000120                USB_Handler
                0x00000120                Dummy_Handler
                0x00000120                PM_Handler
                0x00000120                SERCOM5_Handler
                0x00000120                SVC_Handler
                0x00000120                TCC2_Handler
                0x00000120                EVSYS_Handler
                0x00000120                SERCOM3_Handler
                0x00000120                SERCOM4_Handler
                0x00000120                I2S_Handler
                0x00000120                NVMCTRL_Handler
                0x00000120                SERCOM0_Handler
                0x00000120                DAC_Handler
                0x00000120                PTC_Handler
                0x00000120                TC5_Handler
                0x00000120                SYSCTRL_Handler
 *fill*         0x00000122        0x2 
 .text.Reset_Handler
                0x00000124       0xe4 Device_Startup/startup_samd21.o
                0x00000124                Reset_Handler
 .text.CTRL_SPI_PORT_init
                0x00000208       0xac driver_init.o
                0x00000208                CTRL_SPI_PORT_init
 .text.CTRL_SPI_CLOCK_init
                0x000002b4       0x20 driver_init.o
                0x000002b4                CTRL_SPI_CLOCK_init
 .text.CTRL_SPI_init
                0x000002d4       0x28 driver_init.o
                0x000002d4                CTRL_SPI_init
 .text.USART_0_PORT_init
                0x000002fc       0x40 driver_init.o
                0x000002fc                USART_0_PORT_init
 .text.USART_0_CLOCK_init
                0x0000033c       0x20 driver_init.o
                0x0000033c                USART_0_CLOCK_init
 .text.USART_0_init
                0x0000035c       0x2c driver_init.o
                0x0000035c                USART_0_init
 .text.delay_driver_init
                0x00000388       0x14 driver_init.o
                0x00000388                delay_driver_init
 .text.system_init
                0x0000039c      0x18c driver_init.o
                0x0000039c                system_init
 .text.delay_init
                0x00000528       0x14 hal/src/hal_delay.o
                0x00000528                delay_init
 .text.spi_m_sync_init
                0x0000053c       0x54 hal/src/hal_spi_m_sync.o
                0x0000053c                spi_m_sync_init
 .text.spi_m_sync_transfer
                0x00000590       0x48 hal/src/hal_spi_m_sync.o
                0x00000590                spi_m_sync_transfer
 .text._spi_m_sync_io_write
                0x000005d8       0x3c hal/src/hal_spi_m_sync.o
 .text._spi_m_sync_io_read
                0x00000614       0x3c hal/src/hal_spi_m_sync.o
 .text.timer_add_timer_task
                0x00000650       0x70 hal/src/hal_timer.o
 .text.timer_process_counted
                0x000006c0       0x8c hal/src/hal_timer.o
 .text.timer_init
                0x0000074c       0x44 hal/src/hal_timer.o
                0x0000074c                timer_init
 .text.usart_sync_write
                0x00000790       0x70 hal/src/hal_usart_sync.o
 .text.usart_sync_read
                0x00000800       0x68 hal/src/hal_usart_sync.o
 .text.usart_sync_init
                0x00000868       0x4c hal/src/hal_usart_sync.o
                0x00000868                usart_sync_init
 .text.assert   0x000008b4        0x8 hal/utils/src/utils_assert.o
                0x000008b4                assert
 .text.is_list_element
                0x000008bc       0x24 hal/utils/src/utils_list.o
                0x000008bc                is_list_element
 .text.list_insert_as_head
                0x000008e0       0x2c hal/utils/src/utils_list.o
                0x000008e0                list_insert_as_head
 .text.list_insert_after
                0x0000090c        0x8 hal/utils/src/utils_list.o
                0x0000090c                list_insert_after
 .text.list_remove_head
                0x00000914        0xe hal/utils/src/utils_list.o
                0x00000914                list_remove_head
 *fill*         0x00000922        0x2 
 .text._init_chip
                0x00000924       0x30 hpl/core/hpl_init.o
                0x00000924                _init_chip
 .text._gclk_init_generators
                0x00000954       0x34 hpl/gclk/hpl_gclk.o
                0x00000954                _gclk_init_generators
 .text._pm_init
                0x00000988       0x20 hpl/pm/hpl_pm.o
                0x00000988                _pm_init
 .text._usart_init
                0x000009a8       0x7c hpl/sercom/hpl_sercom.o
 .text._usart_sync_init
                0x00000a24       0x2c hpl/sercom/hpl_sercom.o
                0x00000a24                _usart_sync_init
 .text._usart_sync_write_byte
                0x00000a50        0x8 hpl/sercom/hpl_sercom.o
                0x00000a50                _usart_sync_write_byte
 .text._usart_sync_read_byte
                0x00000a58        0x8 hpl/sercom/hpl_sercom.o
                0x00000a58                _usart_sync_read_byte
 .text._usart_sync_is_byte_sent
                0x00000a60        0xa hpl/sercom/hpl_sercom.o
                0x00000a60                _usart_sync_is_byte_sent
 .text._usart_sync_is_byte_received
                0x00000a6a        0xa hpl/sercom/hpl_sercom.o
                0x00000a6a                _usart_sync_is_byte_received
 .text._spi_m_sync_init
                0x00000a74      0x154 hpl/sercom/hpl_sercom.o
                0x00000a74                _spi_m_sync_init
 .text._spi_m_sync_trans
                0x00000bc8      0x110 hpl/sercom/hpl_sercom.o
                0x00000bc8                _spi_m_sync_trans
 .text._sysctrl_init_sources
                0x00000cd8       0x48 hpl/sysctrl/hpl_sysctrl.o
                0x00000cd8                _sysctrl_init_sources
 .text._sysctrl_init_referenced_generators
                0x00000d20       0x84 hpl/sysctrl/hpl_sysctrl.o
                0x00000d20                _sysctrl_init_referenced_generators
 .text._delay_init
                0x00000da4       0x14 hpl/systick/hpl_systick.o
                0x00000da4                _delay_init
 .text._timer_init
                0x00000db8      0x104 hpl/tc/hpl_tc.o
                0x00000db8                _timer_init
 .text._tc_get_timer
                0x00000ebc        0x4 hpl/tc/hpl_tc.o
                0x00000ebc                _tc_get_timer
 .text.TC3_Handler
                0x00000ec0       0x20 hpl/tc/hpl_tc.o
                0x00000ec0                TC3_Handler
 .text.main     0x00000ee0       0x24 main.o
                0x00000ee0                main
 .text.SysTick_Handler
                0x00000f04       0x10 main.o
                0x00000f04                SysTick_Handler
 .text.__libc_init_array
                0x00000f14       0x48 c:/program files (x86)/atmel/studio/7.0/toolchain/arm/arm-gnu-toolchain/bin/../lib/gcc/arm-none-eabi/6.2.1/../../../../arm-none-eabi/lib/thumb/v6-m\libc_nano.a(lib_a-init.o)
                0x00000f14                __libc_init_array
 *(.glue_7t)
 .glue_7t       0x00000f5c        0x0 linker stubs
 *(.glue_7)
 .glue_7        0x00000f5c        0x0 linker stubs
 *(.rodata .rodata* .gnu.linkonce.r.*)
 .rodata.str1.4
                0x00000f5c       0x1c hal/src/hal_spi_m_sync.o
 .rodata.str1.4
                0x00000f78       0x17 hal/src/hal_timer.o
 *fill*         0x00000f8f        0x1 
 .rodata.str1.4
                0x00000f90       0x1c hal/src/hal_usart_sync.o
 .rodata.str1.4
                0x00000fac       0x1e hal/utils/src/utils_list.o
 *fill*         0x00000fca        0x2 
 .rodata        0x00000fcc       0x29 hpl/sercom/hpl_sercom.o
 *fill*         0x00000ff5        0x3 
 .rodata.str1.4
                0x00000ff8       0x1b hpl/sercom/hpl_sercom.o
 *fill*         0x00001013        0x1 
 .rodata        0x00001014       0x14 hpl/tc/hpl_tc.o
 .rodata.str1.4
                0x00001028       0x14 hpl/tc/hpl_tc.o
                                 0x13 (size before relaxing)
 *(.ARM.extab* .gnu.linkonce.armextab.*)
                0x0000103c                . = ALIGN (0x4)
 *(.init)
 .init          0x0000103c        0x4 c:/program files (x86)/atmel/studio/7.0/toolchain/arm/arm-gnu-toolchain/bin/../lib/gcc/arm-none-eabi/6.2.1/thumb/v6-m/crti.o
                0x0000103c                _init
 .init          0x00001040        0x8 c:/program files (x86)/atmel/studio/7.0/toolchain/arm/arm-gnu-toolchain/bin/../lib/gcc/arm-none-eabi/6.2.1/thumb/v6-m/crtn.o
                0x00001048                . = ALIGN (0x4)
                0x00001048                __preinit_array_start = .
 *(.preinit_array)
                0x00001048                __preinit_array_end = .
                0x00001048                . = ALIGN (0x4)
                0x00001048                __init_array_start = .
 *(SORT(.init_array.*))
 *(.init_array)
 .init_array    0x00001048        0x4 c:/program files (x86)/atmel/studio/7.0/toolchain/arm/arm-gnu-toolchain/bin/../lib/gcc/arm-none-eabi/6.2.1/thumb/v6-m/crtbegin.o
                0x0000104c                __init_array_end = .
                0x0000104c                . = ALIGN (0x4)
 *crtbegin.o(.ctors)
 *(EXCLUDE_FILE(*crtend.o) .ctors)
 *(SORT(.ctors.*))
 *crtend.o(.ctors)
                0x0000104c                . = ALIGN (0x4)
 *(.fini)
 .fini          0x0000104c        0x4 c:/program files (x86)/atmel/studio/7.0/toolchain/arm/arm-gnu-toolchain/bin/../lib/gcc/arm-none-eabi/6.2.1/thumb/v6-m/crti.o
                0x0000104c                _fini
 .fini          0x00001050        0x8 c:/program files (x86)/atmel/studio/7.0/toolchain/arm/arm-gnu-toolchain/bin/../lib/gcc/arm-none-eabi/6.2.1/thumb/v6-m/crtn.o
                0x00001058                . = ALIGN (0x4)
                0x00001058                __fini_array_start = .
 *(.fini_array)
 .fini_array    0x00001058        0x4 c:/program files (x86)/atmel/studio/7.0/toolchain/arm/arm-gnu-toolchain/bin/../lib/gcc/arm-none-eabi/6.2.1/thumb/v6-m/crtbegin.o
 *(SORT(.fini_array.*))
                0x0000105c                __fini_array_end = .
 *crtbegin.o(.dtors)
 *(EXCLUDE_FILE(*crtend.o) .dtors)
 *(SORT(.dtors.*))
 *crtend.o(.dtors)
                0x0000105c                . = ALIGN (0x4)
                0x0000105c                _efixed = .
                [!provide]                PROVIDE (__exidx_start, .)

.vfp11_veneer   0x0000105c        0x0
 .vfp11_veneer  0x0000105c        0x0 linker stubs

.v4_bx          0x0000105c        0x0
 .v4_bx         0x0000105c        0x0 linker stubs

.iplt           0x0000105c        0x0
 .iplt          0x0000105c        0x0 c:/program files (x86)/atmel/studio/7.0/toolchain/arm/arm-gnu-toolchain/bin/../lib/gcc/arm-none-eabi/6.2.1/thumb/v6-m/crtbegin.o

.eh_frame       0x0000105c        0x0
 .eh_frame      0x0000105c        0x0 c:/program files (x86)/atmel/studio/7.0/toolchain/arm/arm-gnu-toolchain/bin/../lib/gcc/arm-none-eabi/6.2.1/thumb/v6-m/crtbegin.o

.rel.dyn        0x0000105c        0x0
 .rel.iplt      0x0000105c        0x0 c:/program files (x86)/atmel/studio/7.0/toolchain/arm/arm-gnu-toolchain/bin/../lib/gcc/arm-none-eabi/6.2.1/thumb/v6-m/crtbegin.o

.jcr            0x0000105c        0x0
 .jcr           0x0000105c        0x0 c:/program files (x86)/atmel/studio/7.0/toolchain/arm/arm-gnu-toolchain/bin/../lib/gcc/arm-none-eabi/6.2.1/thumb/v6-m/crtbegin.o

.igot.plt       0x0000105c        0x0
 .igot.plt      0x0000105c        0x0 c:/program files (x86)/atmel/studio/7.0/toolchain/arm/arm-gnu-toolchain/bin/../lib/gcc/arm-none-eabi/6.2.1/thumb/v6-m/crtbegin.o

.ARM.exidx
 *(.ARM.exidx* .gnu.linkonce.armexidx.*)
                [!provide]                PROVIDE (__exidx_end, .)
                0x0000105c                . = ALIGN (0x4)
                0x0000105c                _etext = .

.relocate       0x20000000        0x0 load address 0x0000105c
                0x20000000                . = ALIGN (0x4)
                0x20000000                _srelocate = .
 *(.ramfunc .ramfunc.*)
 *(.data .data.*)
                0x20000000                . = ALIGN (0x4)
                0x20000000                _erelocate = .

.bss            0x20000000       0x64
                0x20000000                . = ALIGN (0x4)
                0x20000000                _sbss = .
                0x20000000                _szero = .
 *(.bss .bss.*)
 .bss           0x20000000       0x1c c:/program files (x86)/atmel/studio/7.0/toolchain/arm/arm-gnu-toolchain/bin/../lib/gcc/arm-none-eabi/6.2.1/thumb/v6-m/crtbegin.o
 .bss           0x2000001c        0x4 hal/src/hal_delay.o
 .bss           0x20000020        0x4 hpl/tc/hpl_tc.o
 .bss           0x20000024        0x4 main.o
 *(COMMON)
 COMMON         0x20000028       0x3c driver_init.o
                0x20000028                CTRL_SPI
                0x2000003c                USART_0
                0x20000048                TIMER_0
                0x20000064                . = ALIGN (0x4)
                0x20000064                _ebss = .
                0x20000064                _ezero = .

.stack          0x20000064     0x2004
                0x20000068                . = ALIGN (0x8)
 *fill*         0x20000064        0x4 
                0x20000068                _sstack = .
                0x20002068                . = (. + STACK_SIZE)
 *fill*         0x20000068     0x2000 
                0x20002068                . = ALIGN (0x8)
                0x20002068                _estack = .
                0x20002068                . = ALIGN (0x4)
                0x20002068                _end = .
OUTPUT(FritzRT_Bringup0.elf elf32-littlearm)

.ARM.attributes
                0x00000000       0x28
 .ARM.attributes
                0x00000000       0x1e c:/program files (x86)/atmel/studio/7.0/toolchain/arm/arm-gnu-toolchain/bin/../lib/gcc/arm-none-eabi/6.2.1/thumb/v6-m/crti.o
 .ARM.attributes
                0x0000001e       0x2c c:/program files (x86)/atmel/studio/7.0/toolchain/arm/arm-gnu-toolchain/bin/../lib/gcc/arm-none-eabi/6.2.1/thumb/v6-m/crtbegin.o
 .ARM.attributes
                0x0000004a       0x32 atmel_start.o
 .ARM.attributes
                0x0000007c       0x32 Device_Startup/startup_samd21.o
 .ARM.attributes
                0x000000ae       0x32 driver_init.o
 .ARM.attributes
                0x000000e0       0x32 hal/src/hal_delay.o
 .ARM.attributes
                0x00000112       0x32 hal/src/hal_spi_m_sync.o
 .ARM.attributes
                0x00000144       0x32 hal/src/hal_timer.o
 .ARM.attributes
                0x00000176       0x32 hal/src/hal_usart_sync.o
 .ARM.attributes
                0x000001a8       0x32 hal/utils/src/utils_assert.o
 .ARM.attributes
                0x000001da       0x32 hal/utils/src/utils_list.o
 .ARM.attributes
                0x0000020c       0x32 hpl/core/hpl_init.o
 .ARM.attributes
                0x0000023e       0x32 hpl/gclk/hpl_gclk.o
 .ARM.attributes
                0x00000270       0x32 hpl/pm/hpl_pm.o
 .ARM.attributes
                0x000002a2       0x32 hpl/sercom/hpl_sercom.o
 .ARM.attributes
                0x000002d4       0x32 hpl/sysctrl/hpl_sysctrl.o
 .ARM.attributes
                0x00000306       0x32 hpl/systick/hpl_systick.o
 .ARM.attributes
                0x00000338       0x32 hpl/tc/hpl_tc.o
 .ARM.attributes
                0x0000036a       0x32 main.o
 .ARM.attributes
                0x0000039c       0x2c c:/program files (x86)/atmel/studio/7.0/toolchain/arm/arm-gnu-toolchain/bin/../lib/gcc/arm-none-eabi/6.2.1/../../../../arm-none-eabi/lib/thumb/v6-m\libc_nano.a(lib_a-init.o)
 .ARM.attributes
                0x000003c8       0x1e c:/program files (x86)/atmel/studio/7.0/toolchain/arm/arm-gnu-toolchain/bin/../lib/gcc/arm-none-eabi/6.2.1/thumb/v6-m/crtn.o

.comment        0x00000000       0x59
 .comment       0x00000000       0x59 atmel_start.o
                                 0x5a (size before relaxing)
 .comment       0x00000059       0x5a Device_Startup/startup_samd21.o
 .comment       0x00000059       0x5a driver_init.o
 .comment       0x00000059       0x5a hal/src/hal_delay.o
 .comment       0x00000059       0x5a hal/src/hal_spi_m_sync.o
 .comment       0x00000059       0x5a hal/src/hal_timer.o
 .comment       0x00000059       0x5a hal/src/hal_usart_sync.o
 .comment       0x00000059       0x5a hal/utils/src/utils_assert.o
 .comment       0x00000059       0x5a hal/utils/src/utils_list.o
 .comment       0x00000059       0x5a hpl/core/hpl_init.o
 .comment       0x00000059       0x5a hpl/gclk/hpl_gclk.o
 .comment       0x00000059       0x5a hpl/pm/hpl_pm.o
 .comment       0x00000059       0x5a hpl/sercom/hpl_sercom.o
 .comment       0x00000059       0x5a hpl/sysctrl/hpl_sysctrl.o
 .comment       0x00000059       0x5a hpl/systick/hpl_systick.o
 .comment       0x00000059       0x5a hpl/tc/hpl_tc.o
 .comment       0x00000059       0x5a main.o

.debug_info     0x00000000    0x20d4a
 .debug_info    0x00000000      0x3c4 atmel_start.o
 .debug_info    0x000003c4     0x3a27 Device_Startup/startup_samd21.o
 .debug_info    0x00003deb     0x9f9e driver_init.o
 .debug_info    0x0000dd89      0x1dc hal/src/hal_delay.o
 .debug_info    0x0000df65      0x955 hal/src/hal_spi_m_sync.o
 .debug_info    0x0000e8ba      0xbb8 hal/src/hal_timer.o
 .debug_info    0x0000f472      0xc35 hal/src/hal_usart_sync.o
 .debug_info    0x000100a7      0x107 hal/utils/src/utils_assert.o
 .debug_info    0x000101ae      0x310 hal/utils/src/utils_list.o
 .debug_info    0x000104be      0x66f hpl/core/hpl_init.o
 .debug_info    0x00010b2d      0x4bf hpl/gclk/hpl_gclk.o
 .debug_info    0x00010fec      0xc75 hpl/pm/hpl_pm.o
 .debug_info    0x00011c61     0xa719 hpl/sercom/hpl_sercom.o
 .debug_info    0x0001c37a     0x1967 hpl/sysctrl/hpl_sysctrl.o
 .debug_info    0x0001dce1      0x276 hpl/systick/hpl_systick.o
 .debug_info    0x0001df57     0x20a2 hpl/tc/hpl_tc.o
 .debug_info    0x0001fff9      0xd51 main.o

.debug_abbrev   0x00000000     0x250b
 .debug_abbrev  0x00000000       0xea atmel_start.o
 .debug_abbrev  0x000000ea      0x234 Device_Startup/startup_samd21.o
 .debug_abbrev  0x0000031e      0x384 driver_init.o
 .debug_abbrev  0x000006a2       0xe1 hal/src/hal_delay.o
 .debug_abbrev  0x00000783      0x1a8 hal/src/hal_spi_m_sync.o
 .debug_abbrev  0x0000092b      0x232 hal/src/hal_timer.o
 .debug_abbrev  0x00000b5d      0x217 hal/src/hal_usart_sync.o
 .debug_abbrev  0x00000d74       0x86 hal/utils/src/utils_assert.o
 .debug_abbrev  0x00000dfa      0x159 hal/utils/src/utils_list.o
 .debug_abbrev  0x00000f53      0x1b5 hpl/core/hpl_init.o
 .debug_abbrev  0x00001108      0x18f hpl/gclk/hpl_gclk.o
 .debug_abbrev  0x00001297      0x215 hpl/pm/hpl_pm.o
 .debug_abbrev  0x000014ac      0x55b hpl/sercom/hpl_sercom.o
 .debug_abbrev  0x00001a07      0x29a hpl/sysctrl/hpl_sysctrl.o
 .debug_abbrev  0x00001ca1      0x185 hpl/systick/hpl_systick.o
 .debug_abbrev  0x00001e26      0x449 hpl/tc/hpl_tc.o
 .debug_abbrev  0x0000226f      0x29c main.o

.debug_loc      0x00000000     0xaaa1
 .debug_loc     0x00000000       0x20 atmel_start.o
 .debug_loc     0x00000020       0x40 Device_Startup/startup_samd21.o
 .debug_loc     0x00000060     0x1723 driver_init.o
 .debug_loc     0x00001783       0xc3 hal/src/hal_delay.o
 .debug_loc     0x00001846      0x689 hal/src/hal_spi_m_sync.o
 .debug_loc     0x00001ecf      0x761 hal/src/hal_timer.o
 .debug_loc     0x00002630      0x9b2 hal/src/hal_usart_sync.o
 .debug_loc     0x00002fe2      0x271 hal/utils/src/utils_list.o
 .debug_loc     0x00003253       0x4c hpl/core/hpl_init.o
 .debug_loc     0x0000329f      0x11a hpl/gclk/hpl_gclk.o
 .debug_loc     0x000033b9      0x11b hpl/pm/hpl_pm.o
 .debug_loc     0x000034d4     0x69aa hpl/sercom/hpl_sercom.o
 .debug_loc     0x00009e7e      0x26d hpl/sysctrl/hpl_sysctrl.o
 .debug_loc     0x0000a0eb      0x10e hpl/systick/hpl_systick.o
 .debug_loc     0x0000a1f9      0x7a4 hpl/tc/hpl_tc.o
 .debug_loc     0x0000a99d      0x104 main.o

.debug_aranges  0x00000000      0x8f0
 .debug_aranges
                0x00000000       0x20 atmel_start.o
 .debug_aranges
                0x00000020       0x28 Device_Startup/startup_samd21.o
 .debug_aranges
                0x00000048       0x58 driver_init.o
 .debug_aranges
                0x000000a0       0x38 hal/src/hal_delay.o
 .debug_aranges
                0x000000d8       0x80 hal/src/hal_spi_m_sync.o
 .debug_aranges
                0x00000158       0x70 hal/src/hal_timer.o
 .debug_aranges
                0x000001c8       0xa8 hal/src/hal_usart_sync.o
 .debug_aranges
                0x00000270       0x20 hal/utils/src/utils_assert.o
 .debug_aranges
                0x00000290       0x48 hal/utils/src/utils_list.o
 .debug_aranges
                0x000002d8       0x20 hpl/core/hpl_init.o
 .debug_aranges
                0x000002f8       0x20 hpl/gclk/hpl_gclk.o
 .debug_aranges
                0x00000318       0x30 hpl/pm/hpl_pm.o
 .debug_aranges
                0x00000348      0x4a0 hpl/sercom/hpl_sercom.o
 .debug_aranges
                0x000007e8       0x28 hpl/sysctrl/hpl_sysctrl.o
 .debug_aranges
                0x00000810       0x48 hpl/systick/hpl_systick.o
 .debug_aranges
                0x00000858       0x70 hpl/tc/hpl_tc.o
 .debug_aranges
                0x000008c8       0x28 main.o

.debug_ranges   0x00000000      0xd58
 .debug_ranges  0x00000000       0x10 atmel_start.o
 .debug_ranges  0x00000010       0x18 Device_Startup/startup_samd21.o
 .debug_ranges  0x00000028       0x48 driver_init.o
 .debug_ranges  0x00000070       0x28 hal/src/hal_delay.o
 .debug_ranges  0x00000098       0x70 hal/src/hal_spi_m_sync.o
 .debug_ranges  0x00000108       0xa8 hal/src/hal_timer.o
 .debug_ranges  0x000001b0       0x98 hal/src/hal_usart_sync.o
 .debug_ranges  0x00000248       0x10 hal/utils/src/utils_assert.o
 .debug_ranges  0x00000258       0x58 hal/utils/src/utils_list.o
 .debug_ranges  0x000002b0       0x10 hpl/core/hpl_init.o
 .debug_ranges  0x000002c0       0x10 hpl/gclk/hpl_gclk.o
 .debug_ranges  0x000002d0       0x20 hpl/pm/hpl_pm.o
 .debug_ranges  0x000002f0      0x910 hpl/sercom/hpl_sercom.o
 .debug_ranges  0x00000c00       0x60 hpl/sysctrl/hpl_sysctrl.o
 .debug_ranges  0x00000c60       0x38 hpl/systick/hpl_systick.o
 .debug_ranges  0x00000c98       0xa8 hpl/tc/hpl_tc.o
 .debug_ranges  0x00000d40       0x18 main.o

.debug_macro    0x00000000     0x5bc9
 .debug_macro   0x00000000      0x548 atmel_start.o
 .debug_macro   0x00000548      0x2e5 Device_Startup/startup_samd21.o
 .debug_macro   0x0000082d       0x40 Device_Startup/startup_samd21.o
 .debug_macro   0x0000086d      0x55d driver_init.o
 .debug_macro   0x00000dca       0x50 driver_init.o
 .debug_macro   0x00000e1a      0x445 hal/src/hal_delay.o
 .debug_macro   0x0000125f      0x469 hal/src/hal_spi_m_sync.o
 .debug_macro   0x000016c8      0x459 hal/src/hal_timer.o
 .debug_macro   0x00001b21      0x44d hal/src/hal_usart_sync.o
 .debug_macro   0x00001f6e      0x41c hal/utils/src/utils_assert.o
 .debug_macro   0x0000238a       0x10 hal/utils/src/utils_assert.o
 .debug_macro   0x0000239a      0x420 hal/utils/src/utils_list.o
 .debug_macro   0x000027ba      0x477 hpl/core/hpl_init.o
 .debug_macro   0x00002c31       0x2e hpl/core/hpl_init.o
 .debug_macro   0x00002c5f      0x6ec hpl/core/hpl_init.o
 .debug_macro   0x0000334b      0x429 hpl/gclk/hpl_gclk.o
 .debug_macro   0x00003774      0x1f3 hpl/gclk/hpl_gclk.o
 .debug_macro   0x00003967      0x452 hpl/pm/hpl_pm.o
 .debug_macro   0x00003db9      0x654 hpl/sercom/hpl_sercom.o
 .debug_macro   0x0000440d       0x70 hpl/sercom/hpl_sercom.o
 .debug_macro   0x0000447d      0x151 hpl/sercom/hpl_sercom.o
 .debug_macro   0x000045ce       0x10 hpl/sercom/hpl_sercom.o
 .debug_macro   0x000045de       0x1c hpl/sercom/hpl_sercom.o
 .debug_macro   0x000045fa       0x22 hpl/sercom/hpl_sercom.o
 .debug_macro   0x0000461c       0x10 hpl/sercom/hpl_sercom.o
 .debug_macro   0x0000462c      0x429 hpl/sysctrl/hpl_sysctrl.o
 .debug_macro   0x00004a55      0x2da hpl/sysctrl/hpl_sysctrl.o
 .debug_macro   0x00004d2f      0x420 hpl/systick/hpl_systick.o
 .debug_macro   0x0000514f       0x10 hpl/systick/hpl_systick.o
 .debug_macro   0x0000515f      0x492 hpl/tc/hpl_tc.o
 .debug_macro   0x000055f1       0x10 hpl/tc/hpl_tc.o
 .debug_macro   0x00005601       0x75 hpl/tc/hpl_tc.o
 .debug_macro   0x00005676      0x553 main.o

.debug_line     0x00000000     0xcb00
 .debug_line    0x00000000      0xad9 atmel_start.o
 .debug_line    0x00000ad9      0x6d6 Device_Startup/startup_samd21.o
 .debug_line    0x000011af      0xd0d driver_init.o
 .debug_line    0x00001ebc      0x97f hal/src/hal_delay.o
 .debug_line    0x0000283b      0xab6 hal/src/hal_spi_m_sync.o
 .debug_line    0x000032f1      0xafd hal/src/hal_timer.o
 .debug_line    0x00003dee      0xb3a hal/src/hal_usart_sync.o
 .debug_line    0x00004928      0x91d hal/utils/src/utils_assert.o
 .debug_line    0x00005245      0x9b2 hal/utils/src/utils_list.o
 .debug_line    0x00005bf7      0x9de hpl/core/hpl_init.o
 .debug_line    0x000065d5      0x95e hpl/gclk/hpl_gclk.o
 .debug_line    0x00006f33      0x9c3 hpl/pm/hpl_pm.o
 .debug_line    0x000078f6     0x26fb hpl/sercom/hpl_sercom.o
 .debug_line    0x00009ff1      0xa7b hpl/sysctrl/hpl_sysctrl.o
 .debug_line    0x0000aa6c      0x9b2 hpl/systick/hpl_systick.o
 .debug_line    0x0000b41e      0xbdf hpl/tc/hpl_tc.o
 .debug_line    0x0000bffd      0xb03 main.o

.debug_str      0x00000000    0x77bc4
 .debug_str     0x00000000    0x6c391 atmel_start.o
                              0x6c7fe (size before relaxing)
 .debug_str     0x0006c391     0x10a2 Device_Startup/startup_samd21.o
                              0x6bef8 (size before relaxing)
 .debug_str     0x0006d433     0x151f driver_init.o
                              0x6eb54 (size before relaxing)
 .debug_str     0x0006e952       0x9b hal/src/hal_delay.o
                              0x6bcaa (size before relaxing)
 .debug_str     0x0006e9ed      0x2e5 hal/src/hal_spi_m_sync.o
                              0x6c5a3 (size before relaxing)
 .debug_str     0x0006ecd2      0x30f hal/src/hal_timer.o
                              0x6c57f (size before relaxing)
 .debug_str     0x0006efe1      0x492 hal/src/hal_usart_sync.o
                              0x6c76c (size before relaxing)
 .debug_str     0x0006f473       0x2f hal/utils/src/utils_assert.o
                              0x6bc50 (size before relaxing)
 .debug_str     0x0006f4a2       0x31 hal/utils/src/utils_list.o
                              0x6bcfa (size before relaxing)
 .debug_str     0x0006f4d3     0x179a hpl/core/hpl_init.o
                              0x6d844 (size before relaxing)
 .debug_str     0x00070c6d      0x7f2 hpl/gclk/hpl_gclk.o
                              0x6c508 (size before relaxing)
 .debug_str     0x0007145f      0x1a8 hpl/pm/hpl_pm.o
                              0x6c40a (size before relaxing)
 .debug_str     0x00071607     0x47b1 hpl/sercom/hpl_sercom.o
                              0x71989 (size before relaxing)
 .debug_str     0x00075db8     0x131e hpl/sysctrl/hpl_sysctrl.o
                              0x6d115 (size before relaxing)
 .debug_str     0x000770d6       0xcd hpl/systick/hpl_systick.o
                              0x6bc98 (size before relaxing)
 .debug_str     0x000771a3      0x9bf hpl/tc/hpl_tc.o
                              0x6d36f (size before relaxing)
 .debug_str     0x00077b62       0x62 main.o
                              0x6caab (size before relaxing)

.debug_frame    0x00000000     0x1700
 .debug_frame   0x00000000       0x28 atmel_start.o
 .debug_frame   0x00000028       0x40 Device_Startup/startup_samd21.o
 .debug_frame   0x00000068       0xd4 driver_init.o
 .debug_frame   0x0000013c       0x68 hal/src/hal_delay.o
 .debug_frame   0x000001a4      0x16c hal/src/hal_spi_m_sync.o
 .debug_frame   0x00000310      0x14c hal/src/hal_timer.o
 .debug_frame   0x0000045c      0x200 hal/src/hal_usart_sync.o
 .debug_frame   0x0000065c       0x20 hal/utils/src/utils_assert.o
 .debug_frame   0x0000067c       0x88 hal/utils/src/utils_list.o
 .debug_frame   0x00000704       0x28 hpl/core/hpl_init.o
 .debug_frame   0x0000072c       0x20 hpl/gclk/hpl_gclk.o
 .debug_frame   0x0000074c       0x40 hpl/pm/hpl_pm.o
 .debug_frame   0x0000078c      0xd7c hpl/sercom/hpl_sercom.o
 .debug_frame   0x00001508       0x38 hpl/sysctrl/hpl_sysctrl.o
 .debug_frame   0x00001540       0x7c hpl/systick/hpl_systick.o
 .debug_frame   0x000015bc       0xe0 hpl/tc/hpl_tc.o
 .debug_frame   0x0000169c       0x38 main.o
 .debug_frame   0x000016d4       0x2c c:/program files (x86)/atmel/studio/7.0/toolchain/arm/arm-gnu-toolchain/bin/../lib/gcc/arm-none-eabi/6.2.1/../../../../arm-none-eabi/lib/thumb/v6-m\libc_nano.a(lib_a-init.o)
