Archive member included to satisfy reference by file (symbol)

c:/program files (x86)/atmel/studio/7.0/toolchain/arm/arm-gnu-toolchain/bin/../lib/gcc/arm-none-eabi/6.2.1/../../../../arm-none-eabi/lib/thumb/v7e-m\libc_nano.a(lib_a-exit.o)
                              c:/program files (x86)/atmel/studio/7.0/toolchain/arm/arm-gnu-toolchain/bin/../lib/gcc/arm-none-eabi/6.2.1/../../../../arm-none-eabi/lib/thumb/v7e-m/crt0.o (exit)
c:/program files (x86)/atmel/studio/7.0/toolchain/arm/arm-gnu-toolchain/bin/../lib/gcc/arm-none-eabi/6.2.1/../../../../arm-none-eabi/lib/thumb/v7e-m\libc_nano.a(lib_a-impure.o)
                              c:/program files (x86)/atmel/studio/7.0/toolchain/arm/arm-gnu-toolchain/bin/../lib/gcc/arm-none-eabi/6.2.1/../../../../arm-none-eabi/lib/thumb/v7e-m\libc_nano.a(lib_a-exit.o) (_global_impure_ptr)
c:/program files (x86)/atmel/studio/7.0/toolchain/arm/arm-gnu-toolchain/bin/../lib/gcc/arm-none-eabi/6.2.1/../../../../arm-none-eabi/lib/thumb/v7e-m\libc_nano.a(lib_a-init.o)
                              c:/program files (x86)/atmel/studio/7.0/toolchain/arm/arm-gnu-toolchain/bin/../lib/gcc/arm-none-eabi/6.2.1/../../../../arm-none-eabi/lib/thumb/v7e-m/crt0.o (__libc_init_array)
c:/program files (x86)/atmel/studio/7.0/toolchain/arm/arm-gnu-toolchain/bin/../lib/gcc/arm-none-eabi/6.2.1/../../../../arm-none-eabi/lib/thumb/v7e-m\libc_nano.a(lib_a-memcpy-stub.o)
                              hpl/usbhs/hpl_usbhs.o (memcpy)
c:/program files (x86)/atmel/studio/7.0/toolchain/arm/arm-gnu-toolchain/bin/../lib/gcc/arm-none-eabi/6.2.1/../../../../arm-none-eabi/lib/thumb/v7e-m\libc_nano.a(lib_a-memset.o)
                              c:/program files (x86)/atmel/studio/7.0/toolchain/arm/arm-gnu-toolchain/bin/../lib/gcc/arm-none-eabi/6.2.1/../../../../arm-none-eabi/lib/thumb/v7e-m/crt0.o (memset)
c:/program files (x86)/atmel/studio/7.0/toolchain/arm/arm-gnu-toolchain/bin/../lib/gcc/arm-none-eabi/6.2.1/../../../../arm-none-eabi/lib/thumb/v7e-m\libc_nano.a(lib_a-printf.o)
                              hal/utils/src/utils_syscalls.o (printf)
c:/program files (x86)/atmel/studio/7.0/toolchain/arm/arm-gnu-toolchain/bin/../lib/gcc/arm-none-eabi/6.2.1/../../../../arm-none-eabi/lib/thumb/v7e-m\libc_nano.a(lib_a-sprintf.o)
                              thirdparty/RTOS/freertos/FreeRTOSV8.2.3/Source/tasks.o (sprintf)
c:/program files (x86)/atmel/studio/7.0/toolchain/arm/arm-gnu-toolchain/bin/../lib/gcc/arm-none-eabi/6.2.1/../../../../arm-none-eabi/lib/thumb/v7e-m\libc_nano.a(lib_a-strcpy.o)
                              thirdparty/RTOS/freertos/FreeRTOSV8.2.3/Source/tasks.o (strcpy)
c:/program files (x86)/atmel/studio/7.0/toolchain/arm/arm-gnu-toolchain/bin/../lib/gcc/arm-none-eabi/6.2.1/../../../../arm-none-eabi/lib/thumb/v7e-m\libc_nano.a(lib_a-strlen.o)
                              thirdparty/RTOS/freertos/FreeRTOSV8.2.3/Source/tasks.o (strlen)
c:/program files (x86)/atmel/studio/7.0/toolchain/arm/arm-gnu-toolchain/bin/../lib/gcc/arm-none-eabi/6.2.1/../../../../arm-none-eabi/lib/thumb/v7e-m\libc_nano.a(lib_a-findfp.o)
                              c:/program files (x86)/atmel/studio/7.0/toolchain/arm/arm-gnu-toolchain/bin/../lib/gcc/arm-none-eabi/6.2.1/../../../../arm-none-eabi/lib/thumb/v7e-m\libc_nano.a(lib_a-printf.o) (__sinit)
c:/program files (x86)/atmel/studio/7.0/toolchain/arm/arm-gnu-toolchain/bin/../lib/gcc/arm-none-eabi/6.2.1/../../../../arm-none-eabi/lib/thumb/v7e-m\libc_nano.a(lib_a-fwalk.o)
                              c:/program files (x86)/atmel/studio/7.0/toolchain/arm/arm-gnu-toolchain/bin/../lib/gcc/arm-none-eabi/6.2.1/../../../../arm-none-eabi/lib/thumb/v7e-m\libc_nano.a(lib_a-findfp.o) (_fwalk)
c:/program files (x86)/atmel/studio/7.0/toolchain/arm/arm-gnu-toolchain/bin/../lib/gcc/arm-none-eabi/6.2.1/../../../../arm-none-eabi/lib/thumb/v7e-m\libc_nano.a(lib_a-nano-mallocr.o)
                              c:/program files (x86)/atmel/studio/7.0/toolchain/arm/arm-gnu-toolchain/bin/../lib/gcc/arm-none-eabi/6.2.1/../../../../arm-none-eabi/lib/thumb/v7e-m\libc_nano.a(lib_a-findfp.o) (_malloc_r)
c:/program files (x86)/atmel/studio/7.0/toolchain/arm/arm-gnu-toolchain/bin/../lib/gcc/arm-none-eabi/6.2.1/../../../../arm-none-eabi/lib/thumb/v7e-m\libc_nano.a(lib_a-nano-svfprintf.o)
                              c:/program files (x86)/atmel/studio/7.0/toolchain/arm/arm-gnu-toolchain/bin/../lib/gcc/arm-none-eabi/6.2.1/../../../../arm-none-eabi/lib/thumb/v7e-m\libc_nano.a(lib_a-sprintf.o) (_svfprintf_r)
c:/program files (x86)/atmel/studio/7.0/toolchain/arm/arm-gnu-toolchain/bin/../lib/gcc/arm-none-eabi/6.2.1/../../../../arm-none-eabi/lib/thumb/v7e-m\libc_nano.a(lib_a-nano-vfprintf.o)
                              c:/program files (x86)/atmel/studio/7.0/toolchain/arm/arm-gnu-toolchain/bin/../lib/gcc/arm-none-eabi/6.2.1/../../../../arm-none-eabi/lib/thumb/v7e-m\libc_nano.a(lib_a-printf.o) (_vfprintf_r)
[...]
Memory Configuration

Name             Origin             Length             Attributes
rom              0x00400000         0x00200000         xr
ram              0x20400000         0x00060000         xrw
*default*        0x00000000         0xffffffff

Linker script and memory map

LOAD c:/program files (x86)/atmel/studio/7.0/toolchain/arm/arm-gnu-toolchain/bin/../lib/gcc/arm-none-eabi/6.2.1/thumb/v7e-m/crti.o
LOAD c:/program files (x86)/atmel/studio/7.0/toolchain/arm/arm-gnu-toolchain/bin/../lib/gcc/arm-none-eabi/6.2.1/thumb/v7e-m/crtbegin.o
LOAD c:/program files (x86)/atmel/studio/7.0/toolchain/arm/arm-gnu-toolchain/bin/../lib/gcc/arm-none-eabi/6.2.1/../../../../arm-none-eabi/lib/thumb/v7e-m/crt0.o
LOAD app/app.o
LOAD app/drivers/sx1238.o
LOAD app/drivers/sx1238_hal.o
LOAD atmel_start.o
LOAD Device_Startup/startup_same70q21.o
LOAD Device_Startup/system_same70q21.o
LOAD driver_init.o
LOAD examples/driver_examples.o
LOAD hal/src/hal_atomic.o
LOAD hal/src/hal_delay.o
LOAD hal/src/hal_gpio.o
LOAD hal/src/hal_init.o
LOAD hal/src/hal_io.o
LOAD hal/src/hal_sleep.o
LOAD hal/src/hal_spi_m_os.o
LOAD hal/src/hal_usb_device.o
LOAD hal/utils/src/utils_assert.o
LOAD hal/utils/src/utils_event.o
LOAD hal/utils/src/utils_list.o
LOAD hal/utils/src/utils_syscalls.o
LOAD hpl/core/hpl_core_m7_base.o
LOAD hpl/core/hpl_init.o
LOAD hpl/pmc/hpl_pmc.o
LOAD hpl/pmc/hpl_sleep.o
LOAD hpl/spi/hpl_spi.o
LOAD hpl/systick/hpl_systick_ARMv7_base.o
LOAD hpl/usbhs/hpl_usbhs.o
LOAD hpl/xdmac/hpl_xdmac.o
LOAD main.o
LOAD rtos_start.o
LOAD thirdparty/RTOS/freertos/FreeRTOSV8.2.3/rtos_port.o
LOAD thirdparty/RTOS/freertos/FreeRTOSV8.2.3/Source/croutine.o
LOAD thirdparty/RTOS/freertos/FreeRTOSV8.2.3/Source/event_groups.o
LOAD thirdparty/RTOS/freertos/FreeRTOSV8.2.3/Source/list.o
LOAD thirdparty/RTOS/freertos/FreeRTOSV8.2.3/Source/portable/GCC/ARM_CM7/port.o
LOAD thirdparty/RTOS/freertos/FreeRTOSV8.2.3/Source/portable/MemMang/heap_1.o
LOAD thirdparty/RTOS/freertos/FreeRTOSV8.2.3/Source/queue.o
LOAD thirdparty/RTOS/freertos/FreeRTOSV8.2.3/Source/tasks.o
LOAD thirdparty/RTOS/freertos/FreeRTOSV8.2.3/Source/timers.o
LOAD usb/class/cdc/device/cdcdf_acm.o
LOAD usb/device/usbdc.o
LOAD usb/usb_protocol.o
LOAD usb_start.o
START GROUP
LOAD c:/program files (x86)/atmel/studio/7.0/toolchain/arm/arm-gnu-toolchain/bin/../lib/gcc/arm-none-eabi/6.2.1/../../../../arm-none-eabi/lib/thumb/v7e-m\libm.a
END GROUP
START GROUP
LOAD c:/program files (x86)/atmel/studio/7.0/toolchain/arm/arm-gnu-toolchain/bin/../lib/gcc/arm-none-eabi/6.2.1/thumb/v7e-m\libgcc.a
LOAD c:/program files (x86)/atmel/studio/7.0/toolchain/arm/arm-gnu-toolchain/bin/../lib/gcc/arm-none-eabi/6.2.1/../../../../arm-none-eabi/lib/thumb/v7e-m\libc_nano.a
END GROUP
START GROUP
LOAD c:/program files (x86)/atmel/studio/7.0/toolchain/arm/arm-gnu-toolchain/bin/../lib/gcc/arm-none-eabi/6.2.1/thumb/v7e-m\libgcc.a
LOAD c:/program files (x86)/atmel/studio/7.0/toolchain/arm/arm-gnu-toolchain/bin/../lib/gcc/arm-none-eabi/6.2.1/../../../../arm-none-eabi/lib/thumb/v7e-m\libc_nano.a
END GROUP
LOAD c:/program files (x86)/atmel/studio/7.0/toolchain/arm/arm-gnu-toolchain/bin/../lib/gcc/arm-none-eabi/6.2.1/thumb/v7e-m/crtend.o
LOAD c:/program files (x86)/atmel/studio/7.0/toolchain/arm/arm-gnu-toolchain/bin/../lib/gcc/arm-none-eabi/6.2.1/thumb/v7e-m/crtn.o
                0x00000400                STACK_SIZE = DEFINED (STACK_SIZE)?STACK_SIZE:DEFINED (__stack_size__)?__stack_size__:0x400
                0x00000200                HEAP_SIZE = DEFINED (HEAP_SIZE)?HEAP_SIZE:DEFINED (__heap_size__)?__heap_size__:0x200

.text           0x00400000     0x4610
                0x00400000                . = ALIGN (0x4)
                0x00400000                _sfixed = .
 *(.vectors .vectors.*)
 .vectors       0x00400000      0x140 Device_Startup/startup_same70q21.o
                0x00400000                exception_table
 *(.text .text.* .gnu.linkonce.t.*)
 .text          0x00400140       0x6c c:/program files (x86)/atmel/studio/7.0/toolchain/arm/arm-gnu-toolchain/bin/../lib/gcc/arm-none-eabi/6.2.1/thumb/v7e-m/crtbegin.o
 .text.app_init
                0x004001ac        0x2 app/app.o
                0x004001ac                app_init
 *fill*         0x004001ae        0x2 
 .text.atmel_start_init
                0x004001b0       0x14 atmel_start.o
                0x004001b0                atmel_start_init
 .text.Dummy_Handler
                0x004001c4        0x2 Device_Startup/startup_same70q21.o
                0x004001c4                DACC_Handler
                0x004001c4                DebugMon_Handler
                0x004001c4                UART3_Handler
                0x004001c4                UART2_Handler
                0x004001c4                TRNG_Handler
                0x004001c4                HardFault_Handler
                0x004001c4                TC2_Handler
                0x004001c4                AFEC1_Handler
                0x004001c4                NMI_Handler
                0x004001c4                TC7_Handler
                0x004001c4                QSPI_Handler
                0x004001c4                ISI_Handler
                0x004001c4                TC9_Handler
                0x004001c4                RSWDT_Handler
                0x004001c4                MCAN1_Handler
                0x004001c4                USART0_Handler
                0x004001c4                RTT_Handler
                0x004001c4                PIOB_Handler
                0x004001c4                RTC_Handler
                0x004001c4                UsageFault_Handler
                0x004001c4                TC6_Handler
                0x004001c4                WDT_Handler
                0x004001c4                TC4_Handler
                0x004001c4                TC1_Handler
                0x004001c4                HSMCI_Handler
                0x004001c4                UART1_Handler
                0x004001c4                TC3_Handler
                0x004001c4                Dummy_Handler
                0x004001c4                TWIHS1_Handler
                0x004001c4                XDMAC_Handler
                0x004001c4                UART4_Handler
                0x004001c4                PWM1_Handler
                0x004001c4                USART1_Handler
                0x004001c4                PWM0_Handler
                0x004001c4                PIOA_Handler
                0x004001c4                AFEC0_Handler
                0x004001c4                SSC_Handler
                0x004001c4                TC11_Handler
                0x004001c4                ACC_Handler
                0x004001c4                PMC_Handler
                0x004001c4                GMAC_Handler
                0x004001c4                MemManage_Handler
                0x004001c4                SUPC_Handler
                0x004001c4                TC8_Handler
                0x004001c4                EFC_Handler
                0x004001c4                USART2_Handler
                0x004001c4                SDRAMC_Handler
                0x004001c4                PIOE_Handler
                0x004001c4                SPI1_Handler
                0x004001c4                MCAN0_Handler
                0x004001c4                TC10_Handler
                0x004001c4                PIOD_Handler
                0x004001c4                TWIHS2_Handler
                0x004001c4                UART0_Handler
                0x004001c4                PIOC_Handler
                0x004001c4                BusFault_Handler
                0x004001c4                RSTC_Handler
                0x004001c4                TC0_Handler
                0x004001c4                TC5_Handler
                0x004001c4                ICM_Handler
                0x004001c4                AES_Handler
                0x004001c4                TWIHS0_Handler
 *fill*         0x004001c6        0x2 
 .text.Reset_Handler
                0x004001c8       0x84 Device_Startup/startup_same70q21.o
                0x004001c8                Reset_Handler
 .text.CTRL_SPI_PORT_init
                0x0040024c       0x4c driver_init.o
                0x0040024c                CTRL_SPI_PORT_init
 .text.CTRL_SPI_CLOCK_init
                0x00400298       0x18 driver_init.o
                0x00400298                CTRL_SPI_CLOCK_init
 .text.CTRL_SPI_init
                0x004002b0       0x34 driver_init.o
                0x004002b0                CTRL_SPI_init
 .text.delay_driver_init
                0x004002e4       0x14 driver_init.o
                0x004002e4                delay_driver_init
 .text.USB_DEVICE_INSTANCE_CLOCK_init
                0x004002f8       0x1c driver_init.o
                0x004002f8                USB_DEVICE_INSTANCE_CLOCK_init
 .text.USB_DEVICE_INSTANCE_init
                0x00400314       0x14 driver_init.o
                0x00400314                USB_DEVICE_INSTANCE_init
 .text.system_init
                0x00400328       0x84 driver_init.o
                0x00400328                system_init
 .text.atomic_enter_critical
                0x004003ac        0xe hal/src/hal_atomic.o
                0x004003ac                atomic_enter_critical
 .text.atomic_leave_critical
                0x004003ba        0xc hal/src/hal_atomic.o
                0x004003ba                atomic_leave_critical
 *fill*         0x004003c6        0x2 
 .text.delay_init
                0x004003c8       0x14 hal/src/hal_delay.o
                0x004003c8                delay_init
 .text.spi_m_os_io_write
                0x004003dc       0x68 hal/src/hal_spi_m_os.o
 .text.spi_m_os_io_read
                0x00400444       0x78 hal/src/hal_spi_m_os.o
 .text.spi_m_os_error
                0x004004bc       0x30 hal/src/hal_spi_m_os.o
 .text.spi_m_os_tx
                0x004004ec       0x48 hal/src/hal_spi_m_os.o
 .text.spi_m_os_rx
                0x00400534       0x7c hal/src/hal_spi_m_os.o
 .text.spi_m_os_init
                0x004005b0       0x84 hal/src/hal_spi_m_os.o
                0x004005b0                spi_m_os_init
 .text.spi_m_os_enable
                0x00400634       0x30 hal/src/hal_spi_m_os.o
                0x00400634                spi_m_os_enable
 .text._usb_d_find_ep
                0x00400664       0x44 hal/src/hal_usb_device.o
 .text.usb_d_dummy_cb_false
                0x004006a8        0x4 hal/src/hal_usb_device.o
 .text.usb_d_cb_trans_more
                0x004006ac       0x34 hal/src/hal_usb_device.o
 .text._usb_d_cb_trans_done
                0x004006e0      0x150 hal/src/hal_usb_device.o
 .text.usb_d_cb_trans_setup
                0x00400830       0x88 hal/src/hal_usb_device.o
 .text.usb_d_init
                0x004008b8       0x68 hal/src/hal_usb_device.o
                0x004008b8                usb_d_init
 .text.usb_d_register_callback
                0x00400920        0xc hal/src/hal_usb_device.o
                0x00400920                usb_d_register_callback
 .text.usb_d_enable
                0x0040092c        0xc hal/src/hal_usb_device.o
                0x0040092c                usb_d_enable
 .text.usb_d_attach
                0x00400938        0xc hal/src/hal_usb_device.o
                0x00400938                usb_d_attach
 .text.usb_d_set_address
                0x00400944        0xc hal/src/hal_usb_device.o
                0x00400944                usb_d_set_address
 .text.usb_d_ep_init
                0x00400950       0x54 hal/src/hal_usb_device.o
                0x00400950                usb_d_ep_init
 .text.usb_d_ep0_init
                0x004009a4       0x14 hal/src/hal_usb_device.o
                0x004009a4                usb_d_ep0_init
 .text.usb_d_ep_deinit
                0x004009b8       0x2c hal/src/hal_usb_device.o
                0x004009b8                usb_d_ep_deinit
 .text.usb_d_ep_enable
                0x004009e4       0x4c hal/src/hal_usb_device.o
                0x004009e4                usb_d_ep_enable
 .text.usb_d_ep_transfer
                0x00400a30      0x120 hal/src/hal_usb_device.o
                0x00400a30                usb_d_ep_transfer
 .text.usb_d_ep_halt
                0x00400b50       0x64 hal/src/hal_usb_device.o
                0x00400b50                usb_d_ep_halt
 .text.usb_d_ep_register_callback
                0x00400bb4       0x4c hal/src/hal_usb_device.o
                0x00400bb4                usb_d_ep_register_callback
 .text.assert   0x00400c00        0x6 hal/utils/src/utils_assert.o
                0x00400c00                assert
 .text.is_list_element
                0x00400c06       0x20 hal/utils/src/utils_list.o
                0x00400c06                is_list_element
 *fill*         0x00400c26        0x2 
 .text.list_insert_at_end
                0x00400c28       0x40 hal/utils/src/utils_list.o
                0x00400c28                list_insert_at_end
 .text._init_chip
                0x00400c68       0x54 hpl/core/hpl_init.o
                0x00400c68                _init_chip
 .text._pmc_init
                0x00400cbc       0xb0 hpl/pmc/hpl_pmc.o
                0x00400cbc                _pmc_init
 .text.SPI0_Handler
                0x00400d6c       0x4c hpl/spi/hpl_spi.o
                0x00400d6c                SPI0_Handler
 .text._spi_m_sync_init
                0x00400db8       0x88 hpl/spi/hpl_spi.o
                0x00400db8                _spi_m_sync_init
 .text._spi_m_async_init
                0x00400e40       0x54 hpl/spi/hpl_spi.o
                0x00400e40                _spi_m_async_init
 .text._spi_m_async_enable
                0x00400e94       0x54 hpl/spi/hpl_spi.o
                0x00400e94                _spi_m_async_enable
 .text._spi_m_async_enable_tx
                0x00400ee8       0x34 hpl/spi/hpl_spi.o
                0x00400ee8                _spi_m_async_enable_tx
 .text._spi_m_async_enable_rx
                0x00400f1c       0x40 hpl/spi/hpl_spi.o
                0x00400f1c                _spi_m_async_enable_rx
 .text._spi_m_async_write_one
                0x00400f5c       0x30 hpl/spi/hpl_spi.o
                0x00400f5c                _spi_m_async_write_one
 .text._spi_m_async_read_one
                0x00400f8c       0x2c hpl/spi/hpl_spi.o
                0x00400f8c                _spi_m_async_read_one
 .text._spi_m_async_register_callback
                0x00400fb8       0x30 hpl/spi/hpl_spi.o
                0x00400fb8                _spi_m_async_register_callback
 .text._delay_init
                0x00400fe8       0x14 hpl/systick/hpl_systick_ARMv7_base.o
                0x00400fe8                _delay_init
 .text._dummy_func_no_return
                0x00400ffc        0x2 hpl/usbhs/hpl_usbhs.o
 .text._dummy_func_return_false
                0x00400ffe        0x4 hpl/usbhs/hpl_usbhs.o
 *fill*         0x00401002        0x2 
 .text._usb_d_dev_handle_setup
                0x00401004       0x70 hpl/usbhs/hpl_usbhs.o
 .text._usb_d_dev_trans_done
                0x00401074       0x2c hpl/usbhs/hpl_usbhs.o
 .text._usb_d_dev_reset_epts
                0x004010a0       0x50 hpl/usbhs/hpl_usbhs.o
 .text._usb_d_dev_dma_next
                0x004010f0       0xe4 hpl/usbhs/hpl_usbhs.o
 .text._usb_d_dev_trans_stop
                0x004011d4       0x40 hpl/usbhs/hpl_usbhs.o
 .text.USBHS_Handler
                0x00401214      0x400 hpl/usbhs/hpl_usbhs.o
                0x00401214                USBHS_Handler
 .text._usb_d_dev_init
                0x00401614       0x50 hpl/usbhs/hpl_usbhs.o
                0x00401614                _usb_d_dev_init
 .text._usb_d_dev_enable
                0x00401664       0x4c hpl/usbhs/hpl_usbhs.o
                0x00401664                _usb_d_dev_enable
 .text._usb_d_dev_attach
                0x004016b0       0x10 hpl/usbhs/hpl_usbhs.o
                0x004016b0                _usb_d_dev_attach
 .text._usb_d_dev_set_address
                0x004016c0       0x20 hpl/usbhs/hpl_usbhs.o
                0x004016c0                _usb_d_dev_set_address
 .text._usb_d_dev_ep_init
                0x004016e0      0x138 hpl/usbhs/hpl_usbhs.o
                0x004016e0                _usb_d_dev_ep_init
 .text._usb_d_dev_ep_deinit
                0x00401818       0x5c hpl/usbhs/hpl_usbhs.o
                0x00401818                _usb_d_dev_ep_deinit
 .text._usb_d_dev_ep_enable
                0x00401874      0x1f0 hpl/usbhs/hpl_usbhs.o
                0x00401874                _usb_d_dev_ep_enable
 .text._usb_d_dev_ep_stall
                0x00401a64      0x158 hpl/usbhs/hpl_usbhs.o
                0x00401a64                _usb_d_dev_ep_stall
 .text._usb_d_dev_ep_read_req
                0x00401bbc       0x64 hpl/usbhs/hpl_usbhs.o
                0x00401bbc                _usb_d_dev_ep_read_req
 .text._usb_d_dev_ep_trans
                0x00401c20      0x150 hpl/usbhs/hpl_usbhs.o
                0x00401c20                _usb_d_dev_ep_trans
 .text._usb_d_dev_register_callback
                0x00401d70       0x24 hpl/usbhs/hpl_usbhs.o
                0x00401d70                _usb_d_dev_register_callback
 .text._usb_d_dev_register_ep_callback
                0x00401d94       0x30 hpl/usbhs/hpl_usbhs.o
                0x00401d94                _usb_d_dev_register_ep_callback
 .text.task_led
                0x00401dc4       0x14 main.o
                0x00401dc4                task_led
 .text.task_console
                0x00401dd8       0x14 main.o
                0x00401dd8                task_console
 .text.task_led_create
                0x00401dec       0x2c main.o
                0x00401dec                task_led_create
 .text.task_console_create
                0x00401e18       0x2c main.o
                0x00401e18                task_console_create
 .text.main     0x00401e44       0x30 main.o
                0x00401e44                main
 .text.sem_init
                0x00401e74       0x38 thirdparty/RTOS/freertos/FreeRTOSV8.2.3/rtos_port.o
                0x00401e74                sem_init
 .text.sem_up   0x00401eac       0x44 thirdparty/RTOS/freertos/FreeRTOSV8.2.3/rtos_port.o
                0x00401eac                sem_up
 .text.sem_down
                0x00401ef0       0x20 thirdparty/RTOS/freertos/FreeRTOSV8.2.3/rtos_port.o
                0x00401ef0                sem_down
 .text.vListInitialise
                0x00401f10       0x16 thirdparty/RTOS/freertos/FreeRTOSV8.2.3/Source/list.o
                0x00401f10                vListInitialise
 .text.vListInitialiseItem
                0x00401f26        0x6 thirdparty/RTOS/freertos/FreeRTOSV8.2.3/Source/list.o
                0x00401f26                vListInitialiseItem
 .text.vListInsertEnd
                0x00401f2c       0x18 thirdparty/RTOS/freertos/FreeRTOSV8.2.3/Source/list.o
                0x00401f2c                vListInsertEnd
 .text.vListInsert
                0x00401f44       0x34 thirdparty/RTOS/freertos/FreeRTOSV8.2.3/Source/list.o
                0x00401f44                vListInsert
 .text.uxListRemove
                0x00401f78       0x26 thirdparty/RTOS/freertos/FreeRTOSV8.2.3/Source/list.o
                0x00401f78                uxListRemove
 *fill*         0x00401f9e        0x2 
 .text.prvTaskExitError
                0x00401fa0       0x3c thirdparty/RTOS/freertos/FreeRTOSV8.2.3/Source/portable/GCC/ARM_CM7/port.o
 .text.prvPortStartFirstTask
                0x00401fdc       0x20 thirdparty/RTOS/freertos/FreeRTOSV8.2.3/Source/portable/GCC/ARM_CM7/port.o
 .text.vPortEnableVFP
                0x00401ffc       0x14 thirdparty/RTOS/freertos/FreeRTOSV8.2.3/Source/portable/GCC/ARM_CM7/port.o
 .text.pxPortInitialiseStack
                0x00402010       0x28 thirdparty/RTOS/freertos/FreeRTOSV8.2.3/Source/portable/GCC/ARM_CM7/port.o
                0x00402010                pxPortInitialiseStack
 *fill*         0x00402038        0x8 
 .text.SVC_Handler
                0x00402040       0x24 thirdparty/RTOS/freertos/FreeRTOSV8.2.3/Source/portable/GCC/ARM_CM7/port.o
                0x00402040                SVC_Handler
 .text.vPortEnterCritical
                0x00402064       0x4c thirdparty/RTOS/freertos/FreeRTOSV8.2.3/Source/portable/GCC/ARM_CM7/port.o
                0x00402064                vPortEnterCritical
 .text.vPortExitCritical
                0x004020b0       0x30 thirdparty/RTOS/freertos/FreeRTOSV8.2.3/Source/portable/GCC/ARM_CM7/port.o
                0x004020b0                vPortExitCritical
 .text.PendSV_Handler
                0x004020e0       0x64 thirdparty/RTOS/freertos/FreeRTOSV8.2.3/Source/portable/GCC/ARM_CM7/port.o
                0x004020e0                PendSV_Handler
 .text.SysTick_Handler
                0x00402144       0x34 thirdparty/RTOS/freertos/FreeRTOSV8.2.3/Source/portable/GCC/ARM_CM7/port.o
                0x00402144                SysTick_Handler
 .text.vPortSetupTimerInterrupt
                0x00402178       0x18 thirdparty/RTOS/freertos/FreeRTOSV8.2.3/Source/portable/GCC/ARM_CM7/port.o
                0x00402178                vPortSetupTimerInterrupt
 .text.xPortStartScheduler
                0x00402190       0xbc thirdparty/RTOS/freertos/FreeRTOSV8.2.3/Source/portable/GCC/ARM_CM7/port.o
                0x00402190                xPortStartScheduler
 .text.vPortValidateInterruptPriority
                0x0040224c       0x60 thirdparty/RTOS/freertos/FreeRTOSV8.2.3/Source/portable/GCC/ARM_CM7/port.o
                0x0040224c                vPortValidateInterruptPriority
 .text.pvPortMalloc
                0x004022ac       0x60 thirdparty/RTOS/freertos/FreeRTOSV8.2.3/Source/portable/MemMang/heap_1.o
                0x004022ac                pvPortMalloc
 .text.vPortFree
                0x0040230c       0x1a thirdparty/RTOS/freertos/FreeRTOSV8.2.3/Source/portable/MemMang/heap_1.o
                0x0040230c                vPortFree
 *fill*         0x00402326        0x2 
 .text.prvCopyDataToQueue
                0x00402328       0x7c thirdparty/RTOS/freertos/FreeRTOSV8.2.3/Source/queue.o
 .text.prvNotifyQueueSetContainer
                0x004023a4       0x8c thirdparty/RTOS/freertos/FreeRTOSV8.2.3/Source/queue.o
 .text.prvCopyDataFromQueue
                0x00402430       0x28 thirdparty/RTOS/freertos/FreeRTOSV8.2.3/Source/queue.o
 .text.prvUnlockQueue
                0x00402458       0xa8 thirdparty/RTOS/freertos/FreeRTOSV8.2.3/Source/queue.o
 .text.xQueueGenericReset
                0x00402500       0x94 thirdparty/RTOS/freertos/FreeRTOSV8.2.3/Source/queue.o
                0x00402500                xQueueGenericReset
 .text.xQueueGenericCreate
                0x00402594       0x5c thirdparty/RTOS/freertos/FreeRTOSV8.2.3/Source/queue.o
                0x00402594                xQueueGenericCreate
 .text.xQueueCreateCountingSemaphore
                0x004025f0       0x4c thirdparty/RTOS/freertos/FreeRTOSV8.2.3/Source/queue.o
                0x004025f0                xQueueCreateCountingSemaphore
 .text.xQueueGenericSend
                0x0040263c      0x1f0 thirdparty/RTOS/freertos/FreeRTOSV8.2.3/Source/queue.o
                0x0040263c                xQueueGenericSend
 .text.xQueueGenericSendFromISR
                0x0040282c      0x114 thirdparty/RTOS/freertos/FreeRTOSV8.2.3/Source/queue.o
                0x0040282c                xQueueGenericSendFromISR
 .text.xQueueGiveFromISR
                0x00402940       0xe4 thirdparty/RTOS/freertos/FreeRTOSV8.2.3/Source/queue.o
                0x00402940                xQueueGiveFromISR
 .text.xQueueGenericReceive
                0x00402a24      0x1f8 thirdparty/RTOS/freertos/FreeRTOSV8.2.3/Source/queue.o
                0x00402a24                xQueueGenericReceive
 .text.vQueueWaitForMessageRestricted
                0x00402c1c       0x64 thirdparty/RTOS/freertos/FreeRTOSV8.2.3/Source/queue.o
                0x00402c1c                vQueueWaitForMessageRestricted
 .text.prvIdleTask
                0x00402c80       0x24 thirdparty/RTOS/freertos/FreeRTOSV8.2.3/Source/tasks.o
 .text.prvResetNextTaskUnblockTime
                0x00402ca4       0x2c thirdparty/RTOS/freertos/FreeRTOSV8.2.3/Source/tasks.o
 .text.prvAddCurrentTaskToDelayedList
                0x00402cd0       0x7c thirdparty/RTOS/freertos/FreeRTOSV8.2.3/Source/tasks.o
 .text.xTaskCreate
                0x00402d4c      0x1dc thirdparty/RTOS/freertos/FreeRTOSV8.2.3/Source/tasks.o
                0x00402d4c                xTaskCreate
 .text.vTaskStartScheduler
                0x00402f28       0x88 thirdparty/RTOS/freertos/FreeRTOSV8.2.3/Source/tasks.o
                0x00402f28                vTaskStartScheduler
 .text.vTaskSuspendAll
                0x00402fb0       0x14 thirdparty/RTOS/freertos/FreeRTOSV8.2.3/Source/tasks.o
                0x00402fb0                vTaskSuspendAll
 .text.xTaskGetTickCount
                0x00402fc4        0xc thirdparty/RTOS/freertos/FreeRTOSV8.2.3/Source/tasks.o
                0x00402fc4                xTaskGetTickCount
 .text.xTaskIncrementTick
                0x00402fd0      0x128 thirdparty/RTOS/freertos/FreeRTOSV8.2.3/Source/tasks.o
                0x00402fd0                xTaskIncrementTick
 .text.xTaskResumeAll
                0x004030f8      0x110 thirdparty/RTOS/freertos/FreeRTOSV8.2.3/Source/tasks.o
                0x004030f8                xTaskResumeAll
 .text.vTaskDelay
                0x00403208       0x5c thirdparty/RTOS/freertos/FreeRTOSV8.2.3/Source/tasks.o
                0x00403208                vTaskDelay
 .text.vTaskSwitchContext
                0x00403264       0xa8 thirdparty/RTOS/freertos/FreeRTOSV8.2.3/Source/tasks.o
                0x00403264                vTaskSwitchContext
 .text.vTaskPlaceOnEventList
                0x0040330c       0x40 thirdparty/RTOS/freertos/FreeRTOSV8.2.3/Source/tasks.o
                0x0040330c                vTaskPlaceOnEventList
 .text.vTaskPlaceOnEventListRestricted
                0x0040334c       0x48 thirdparty/RTOS/freertos/FreeRTOSV8.2.3/Source/tasks.o
                0x0040334c                vTaskPlaceOnEventListRestricted
 .text.xTaskRemoveFromEventList
                0x00403394       0x94 thirdparty/RTOS/freertos/FreeRTOSV8.2.3/Source/tasks.o
                0x00403394                xTaskRemoveFromEventList
 .text.vTaskSetTimeOutState
                0x00403428       0x2c thirdparty/RTOS/freertos/FreeRTOSV8.2.3/Source/tasks.o
                0x00403428                vTaskSetTimeOutState
 .text.xTaskCheckForTimeOut
                0x00403454       0x94 thirdparty/RTOS/freertos/FreeRTOSV8.2.3/Source/tasks.o
                0x00403454                xTaskCheckForTimeOut
 .text.vTaskMissedYield
                0x004034e8       0x10 thirdparty/RTOS/freertos/FreeRTOSV8.2.3/Source/tasks.o
                0x004034e8                vTaskMissedYield
 .text.xTaskGetSchedulerState
                0x004034f8       0x20 thirdparty/RTOS/freertos/FreeRTOSV8.2.3/Source/tasks.o
                0x004034f8                xTaskGetSchedulerState
 .text.vTaskPriorityInherit
                0x00403518       0x8c thirdparty/RTOS/freertos/FreeRTOSV8.2.3/Source/tasks.o
                0x00403518                vTaskPriorityInherit
 .text.xTaskPriorityDisinherit
                0x004035a4       0xa0 thirdparty/RTOS/freertos/FreeRTOSV8.2.3/Source/tasks.o
                0x004035a4                xTaskPriorityDisinherit
 .text.pvTaskIncrementMutexHeldCount
                0x00403644       0x20 thirdparty/RTOS/freertos/FreeRTOSV8.2.3/Source/tasks.o
                0x00403644                pvTaskIncrementMutexHeldCount
 .text.prvInsertTimerInActiveList
                0x00403664       0x48 thirdparty/RTOS/freertos/FreeRTOSV8.2.3/Source/timers.o
 .text.prvCheckForValidListAndQueue
                0x004036ac       0x4c thirdparty/RTOS/freertos/FreeRTOSV8.2.3/Source/timers.o
 .text.xTimerCreateTimerTask
                0x004036f8       0x58 thirdparty/RTOS/freertos/FreeRTOSV8.2.3/Source/timers.o
                0x004036f8                xTimerCreateTimerTask
 .text.xTimerGenericCommand
                0x00403750       0x70 thirdparty/RTOS/freertos/FreeRTOSV8.2.3/Source/timers.o
                0x00403750                xTimerGenericCommand
 .text.prvSampleTimeNow
                0x004037c0       0xb0 thirdparty/RTOS/freertos/FreeRTOSV8.2.3/Source/timers.o
 .text.prvTimerTask
                0x00403870      0x1e0 thirdparty/RTOS/freertos/FreeRTOSV8.2.3/Source/timers.o
 .text.cdcdf_acm_req
                0x00403a50       0xf8 usb/class/cdc/device/cdcdf_acm.o
 .text.cdcdf_acm_ctrl
                0x00403b48      0x18c usb/class/cdc/device/cdcdf_acm.o
 .text.cdcdf_acm_init
                0x00403cd4       0x44 usb/class/cdc/device/cdcdf_acm.o
                0x00403cd4                cdcdf_acm_init
 .text.usbdc_unconfig
                0x00403d18       0x24 usb/device/usbdc.o
 .text.usbdc_change_notify
                0x00403d3c       0x28 usb/device/usbdc.o
 .text.usbdc_request_handler
                0x00403d64       0x3c usb/device/usbdc.o
 .text.usbd_sof_cb
                0x00403da0       0x20 usb/device/usbdc.o
 .text.usbdc_cb_ctl_done
                0x00403dc0      0x104 usb/device/usbdc.o
 .text.usbdc_reset
                0x00403ec4       0x58 usb/device/usbdc.o
                0x00403ec4                usbdc_reset
 .text.usbd_event_cb
                0x00403f1c       0x20 usb/device/usbdc.o
 .text.usbdc_xfer
                0x00403f3c       0x20 usb/device/usbdc.o
                0x00403f3c                usbdc_xfer
 .text.usbdc_cb_ctl_req
                0x00403f5c      0x2c4 usb/device/usbdc.o
 .text.usbdc_register_handler
                0x00404220       0x38 usb/device/usbdc.o
                0x00404220                usbdc_register_handler
 .text.usbdc_init
                0x00404258       0x5c usb/device/usbdc.o
                0x00404258                usbdc_init
 .text.usbdc_register_function
                0x004042b4       0x14 usb/device/usbdc.o
                0x004042b4                usbdc_register_function
 .text.usbdc_start
                0x004042c8       0x34 usb/device/usbdc.o
                0x004042c8                usbdc_start
 .text.usbdc_attach
                0x004042fc        0xc usb/device/usbdc.o
                0x004042fc                usbdc_attach
 .text.usbdc_get_ctrl_buffer
                0x00404308        0xc usb/device/usbdc.o
                0x00404308                usbdc_get_ctrl_buffer
 .text.usbdc_get_state
                0x00404314       0x14 usb/device/usbdc.o
                0x00404314                usbdc_get_state
 .text.usb_find_desc
                0x00404328       0x3a usb/usb_protocol.o
                0x00404328                usb_find_desc
 .text.usb_find_ep_desc
                0x00404362       0x46 usb/usb_protocol.o
                0x00404362                usb_find_ep_desc
 .text.usb_find_cfg_desc
                0x004043a8       0x68 usb/usb_protocol.o
                0x004043a8                usb_find_cfg_desc
 .text.usb_find_str_desc
                0x00404410       0x48 usb/usb_protocol.o
                0x00404410                usb_find_str_desc
 .text.cdc_device_acm_init
                0x00404458       0x30 usb_start.o
                0x00404458                cdc_device_acm_init
 .text.usb_init
                0x00404488        0xc usb_start.o
                0x00404488                usb_init
 .text.__libc_init_array
                0x00404494       0x48 c:/program files (x86)/atmel/studio/7.0/toolchain/arm/arm-gnu-toolchain/bin/../lib/gcc/arm-none-eabi/6.2.1/../../../../arm-none-eabi/lib/thumb/v7e-m\libc_nano.a(lib_a-init.o)
                0x00404494                __libc_init_array
 .text.memcpy   0x004044dc       0x16 c:/program files (x86)/atmel/studio/7.0/toolchain/arm/arm-gnu-toolchain/bin/../lib/gcc/arm-none-eabi/6.2.1/../../../../arm-none-eabi/lib/thumb/v7e-m\libc_nano.a(lib_a-memcpy-stub.o)
                0x004044dc                memcpy
 .text.memset   0x004044f2       0x10 c:/program files (x86)/atmel/studio/7.0/toolchain/arm/arm-gnu-toolchain/bin/../lib/gcc/arm-none-eabi/6.2.1/../../../../arm-none-eabi/lib/thumb/v7e-m\libc_nano.a(lib_a-memset.o)
                0x004044f2                memset
 *(.glue_7t)
 .glue_7t       0x00404502        0x0 linker stubs
 *(.glue_7)
 .glue_7        0x00404502        0x0 linker stubs
 *(.rodata .rodata* .gnu.linkonce.r.*)
 *fill*         0x00404502        0x2 
 .rodata.str1.4
                0x00404504       0x1a hal/src/hal_spi_m_os.o
 *fill*         0x0040451e        0x2 
 .rodata.str1.4
                0x00404520       0x1e hal/utils/src/utils_list.o
 *fill*         0x0040453e        0x2 
 .rodata.str1.4
                0x00404540       0x15 hpl/spi/hpl_spi.o
 *fill*         0x00404555        0x3 
 .rodata.str1.4
                0x00404558       0x19 hpl/usbhs/hpl_usbhs.o
 *fill*         0x00404571        0x3 
 .rodata.str1.4
                0x00404574        0xc main.o
 .rodata.str1.4
                0x00404580       0x37 thirdparty/RTOS/freertos/FreeRTOSV8.2.3/rtos_port.o
 *fill*         0x004045b7        0x1 
 .rodata.str1.4
                0x004045b8       0x17 thirdparty/RTOS/freertos/FreeRTOSV8.2.3/Source/tasks.o
 *fill*         0x004045cf        0x1 
 .rodata.str1.4
                0x004045d0        0x8 thirdparty/RTOS/freertos/FreeRTOSV8.2.3/Source/timers.o
 .rodata.str1.4
                0x004045d8       0x18 usb/device/usbdc.o
                                 0x16 (size before relaxing)
 *(.ARM.extab* .gnu.linkonce.armextab.*)
                0x004045f0                . = ALIGN (0x4)
 *(.init)
 .init          0x004045f0        0x4 c:/program files (x86)/atmel/studio/7.0/toolchain/arm/arm-gnu-toolchain/bin/../lib/gcc/arm-none-eabi/6.2.1/thumb/v7e-m/crti.o
                0x004045f0                _init
 .init          0x004045f4        0x8 c:/program files (x86)/atmel/studio/7.0/toolchain/arm/arm-gnu-toolchain/bin/../lib/gcc/arm-none-eabi/6.2.1/thumb/v7e-m/crtn.o
                0x004045fc                . = ALIGN (0x4)
                0x004045fc                __preinit_array_start = .
 *(.preinit_array)
                0x004045fc                __preinit_array_end = .
                0x004045fc                . = ALIGN (0x4)
                0x004045fc                __init_array_start = .
 *(SORT(.init_array.*))
 *(.init_array)
 .init_array    0x004045fc        0x4 c:/program files (x86)/atmel/studio/7.0/toolchain/arm/arm-gnu-toolchain/bin/../lib/gcc/arm-none-eabi/6.2.1/thumb/v7e-m/crtbegin.o
                0x00404600                __init_array_end = .
                0x00404600                . = ALIGN (0x4)
 *crtbegin.o(.ctors)
 *(EXCLUDE_FILE(*crtend.o) .ctors)
 *(SORT(.ctors.*))
 *crtend.o(.ctors)
                0x00404600                . = ALIGN (0x4)
 *(.fini)
 .fini          0x00404600        0x4 c:/program files (x86)/atmel/studio/7.0/toolchain/arm/arm-gnu-toolchain/bin/../lib/gcc/arm-none-eabi/6.2.1/thumb/v7e-m/crti.o
                0x00404600                _fini
 .fini          0x00404604        0x8 c:/program files (x86)/atmel/studio/7.0/toolchain/arm/arm-gnu-toolchain/bin/../lib/gcc/arm-none-eabi/6.2.1/thumb/v7e-m/crtn.o
                0x0040460c                . = ALIGN (0x4)
                0x0040460c                __fini_array_start = .
 *(.fini_array)
 .fini_array    0x0040460c        0x4 c:/program files (x86)/atmel/studio/7.0/toolchain/arm/arm-gnu-toolchain/bin/../lib/gcc/arm-none-eabi/6.2.1/thumb/v7e-m/crtbegin.o
 *(SORT(.fini_array.*))
                0x00404610                __fini_array_end = .
 *crtbegin.o(.dtors)
 *(EXCLUDE_FILE(*crtend.o) .dtors)
 *(SORT(.dtors.*))
 *crtend.o(.dtors)
                0x00404610                . = ALIGN (0x4)
                0x00404610                _efixed = .
                [!provide]                PROVIDE (__exidx_start, .)

.vfp11_veneer   0x00404610        0x0
 .vfp11_veneer  0x00404610        0x0 linker stubs

.v4_bx          0x00404610        0x0
 .v4_bx         0x00404610        0x0 linker stubs

.iplt           0x00404610        0x0
 .iplt          0x00404610        0x0 c:/program files (x86)/atmel/studio/7.0/toolchain/arm/arm-gnu-toolchain/bin/../lib/gcc/arm-none-eabi/6.2.1/thumb/v7e-m/crtbegin.o

.eh_frame       0x00404610        0x0
 .eh_frame      0x00404610        0x0 c:/program files (x86)/atmel/studio/7.0/toolchain/arm/arm-gnu-toolchain/bin/../lib/gcc/arm-none-eabi/6.2.1/thumb/v7e-m/crtbegin.o

.rel.dyn        0x00404610        0x0
 .rel.iplt      0x00404610        0x0 c:/program files (x86)/atmel/studio/7.0/toolchain/arm/arm-gnu-toolchain/bin/../lib/gcc/arm-none-eabi/6.2.1/thumb/v7e-m/crtbegin.o

.jcr            0x00404610        0x0
 .jcr           0x00404610        0x0 c:/program files (x86)/atmel/studio/7.0/toolchain/arm/arm-gnu-toolchain/bin/../lib/gcc/arm-none-eabi/6.2.1/thumb/v7e-m/crtbegin.o

.igot.plt       0x00404610        0x0
 .igot.plt      0x00404610        0x0 c:/program files (x86)/atmel/studio/7.0/toolchain/arm/arm-gnu-toolchain/bin/../lib/gcc/arm-none-eabi/6.2.1/thumb/v7e-m/crtbegin.o

.ARM.exidx
 *(.ARM.exidx* .gnu.linkonce.armexidx.*)
                [!provide]                PROVIDE (__exidx_end, .)
                0x00404610                . = ALIGN (0x4)
                0x00404610                _etext = .

.relocate       0x20400000       0x6c load address 0x00404610
                0x20400000                . = ALIGN (0x4)
                0x20400000                _srelocate = .
 *(.ramfunc .ramfunc.*)
 *(.data .data.*)
 .data          0x20400000        0x4 thirdparty/RTOS/freertos/FreeRTOSV8.2.3/Source/portable/GCC/ARM_CM7/port.o
 .data          0x20400004        0x8 usb/class/cdc/device/cdcdf_acm.o
 .data          0x2040000c       0x5d usb_start.o
                0x2040006c                . = ALIGN (0x4)
 *fill*         0x20400069        0x3 
                0x2040006c                _erelocate = .

.bss            0x2040006c      0xca0 load address 0x0040467c
                0x2040006c                . = ALIGN (0x4)
                0x2040006c                _sbss = .
                0x2040006c                _szero = .
 *(.bss .bss.*)
 .bss           0x2040006c       0x1c c:/program files (x86)/atmel/studio/7.0/toolchain/arm/arm-gnu-toolchain/bin/../lib/gcc/arm-none-eabi/6.2.1/thumb/v7e-m/crtbegin.o
 .bss           0x20400088        0x4 hal/src/hal_delay.o
 .bss           0x2040008c       0x80 hal/src/hal_usb_device.o
 .bss           0x2040010c        0x4 hpl/spi/hpl_spi.o
 .bss           0x20400110       0x64 hpl/usbhs/hpl_usbhs.o
 .bss           0x20400174        0x8 thirdparty/RTOS/freertos/FreeRTOSV8.2.3/Source/portable/GCC/ARM_CM7/port.o
 .bss           0x2040017c      0x968 thirdparty/RTOS/freertos/FreeRTOSV8.2.3/Source/portable/MemMang/heap_1.o
 .bss           0x20400ae4       0xec thirdparty/RTOS/freertos/FreeRTOSV8.2.3/Source/tasks.o
                0x20400b7c                pxCurrentTCB
 .bss           0x20400bd0       0x3c thirdparty/RTOS/freertos/FreeRTOSV8.2.3/Source/timers.o
 .bss           0x20400c0c       0x24 usb/class/cdc/device/cdcdf_acm.o
 .bss           0x20400c30       0x20 usb/device/usbdc.o
 .bss           0x20400c50       0x80 usb_start.o
 *(COMMON)
 COMMON         0x20400cd0       0x3c driver_init.o
                0x20400cd0                CTRL_SPI
                0x20400d0c                . = ALIGN (0x4)
                0x20400d0c                _ebss = .
                0x20400d0c                _ezero = .

.heap           0x20400d0c      0x204 load address 0x0040531c
                0x20400d10                . = ALIGN (0x8)
 *fill*         0x20400d0c        0x4 
                0x20400d10                _sheap = .
                0x20400f10                . = (. + HEAP_SIZE)
 *fill*         0x20400d10      0x200 
                0x20400f10                . = ALIGN (0x8)
                0x20400f10                _eheap = .

.stack          0x20400f10      0x400 load address 0x00405520
                0x20400f10                . = ALIGN (0x8)
                0x20400f10                _sstack = .
                0x20401310                . = (. + STACK_SIZE)
 *fill*         0x20400f10      0x400 
                0x20401310                . = ALIGN (0x8)
                0x20401310                _estack = .
                0x20401310                . = ALIGN (0x4)
                0x20401310                _end = .
                0x2045ffff                _ram_end_ = ((ORIGIN (ram) + LENGTH (ram)) - 0x1)
OUTPUT(bringup.elf elf32-littlearm)

.ARM.attributes
                0x00000000       0x2e
 .ARM.attributes
                0x00000000       0x1e c:/program files (x86)/atmel/studio/7.0/toolchain/arm/arm-gnu-toolchain/bin/../lib/gcc/arm-none-eabi/6.2.1/thumb/v7e-m/crti.o
 .ARM.attributes
                0x0000001e       0x2e c:/program files (x86)/atmel/studio/7.0/toolchain/arm/arm-gnu-toolchain/bin/../lib/gcc/arm-none-eabi/6.2.1/thumb/v7e-m/crtbegin.o
 .ARM.attributes
                0x0000004c       0x37 app/app.o
 .ARM.attributes
                0x00000083       0x37 atmel_start.o
 .ARM.attributes
                0x000000ba       0x37 Device_Startup/startup_same70q21.o
 .ARM.attributes
                0x000000f1       0x37 driver_init.o
 .ARM.attributes
                0x00000128       0x37 hal/src/hal_atomic.o
 .ARM.attributes
                0x0000015f       0x37 hal/src/hal_delay.o
 .ARM.attributes
                0x00000196       0x37 hal/src/hal_spi_m_os.o
 .ARM.attributes
                0x000001cd       0x37 hal/src/hal_usb_device.o
 .ARM.attributes
                0x00000204       0x37 hal/utils/src/utils_assert.o
 .ARM.attributes
                0x0000023b       0x37 hal/utils/src/utils_list.o
 .ARM.attributes
                0x00000272       0x37 hpl/core/hpl_init.o
 .ARM.attributes
                0x000002a9       0x37 hpl/pmc/hpl_pmc.o
 .ARM.attributes
                0x000002e0       0x37 hpl/spi/hpl_spi.o
 .ARM.attributes
                0x00000317       0x37 hpl/systick/hpl_systick_ARMv7_base.o
 .ARM.attributes
                0x0000034e       0x37 hpl/usbhs/hpl_usbhs.o
 .ARM.attributes
                0x00000385       0x37 main.o
 .ARM.attributes
                0x000003bc       0x37 thirdparty/RTOS/freertos/FreeRTOSV8.2.3/rtos_port.o
 .ARM.attributes
                0x000003f3       0x37 thirdparty/RTOS/freertos/FreeRTOSV8.2.3/Source/list.o
 .ARM.attributes
                0x0000042a       0x37 thirdparty/RTOS/freertos/FreeRTOSV8.2.3/Source/portable/GCC/ARM_CM7/port.o
 .ARM.attributes
                0x00000461       0x37 thirdparty/RTOS/freertos/FreeRTOSV8.2.3/Source/portable/MemMang/heap_1.o
 .ARM.attributes
                0x00000498       0x37 thirdparty/RTOS/freertos/FreeRTOSV8.2.3/Source/queue.o
 .ARM.attributes
                0x000004cf       0x37 thirdparty/RTOS/freertos/FreeRTOSV8.2.3/Source/tasks.o
 .ARM.attributes
                0x00000506       0x37 thirdparty/RTOS/freertos/FreeRTOSV8.2.3/Source/timers.o
 .ARM.attributes
                0x0000053d       0x37 usb/class/cdc/device/cdcdf_acm.o
 .ARM.attributes
                0x00000574       0x37 usb/device/usbdc.o
 .ARM.attributes
                0x000005ab       0x37 usb/usb_protocol.o
 .ARM.attributes
                0x000005e2       0x37 usb_start.o
 .ARM.attributes
                0x00000619       0x2e c:/program files (x86)/atmel/studio/7.0/toolchain/arm/arm-gnu-toolchain/bin/../lib/gcc/arm-none-eabi/6.2.1/../../../../arm-none-eabi/lib/thumb/v7e-m\libc_nano.a(lib_a-init.o)
 .ARM.attributes
                0x00000647       0x2e c:/program files (x86)/atmel/studio/7.0/toolchain/arm/arm-gnu-toolchain/bin/../lib/gcc/arm-none-eabi/6.2.1/../../../../arm-none-eabi/lib/thumb/v7e-m\libc_nano.a(lib_a-memcpy-stub.o)
 .ARM.attributes
                0x00000675       0x2e c:/program files (x86)/atmel/studio/7.0/toolchain/arm/arm-gnu-toolchain/bin/../lib/gcc/arm-none-eabi/6.2.1/../../../../arm-none-eabi/lib/thumb/v7e-m\libc_nano.a(lib_a-memset.o)
 .ARM.attributes
                0x000006a3       0x1e c:/program files (x86)/atmel/studio/7.0/toolchain/arm/arm-gnu-toolchain/bin/../lib/gcc/arm-none-eabi/6.2.1/thumb/v7e-m/crtn.o

.comment        0x00000000       0x59
 .comment       0x00000000       0x59 app/app.o
                                 0x5a (size before relaxing)
 .comment       0x00000059       0x5a atmel_start.o
 .comment       0x00000059       0x5a Device_Startup/startup_same70q21.o
 .comment       0x00000059       0x5a driver_init.o
 .comment       0x00000059       0x5a hal/src/hal_atomic.o
 .comment       0x00000059       0x5a hal/src/hal_delay.o
 .comment       0x00000059       0x5a hal/src/hal_spi_m_os.o
 .comment       0x00000059       0x5a hal/src/hal_usb_device.o
 .comment       0x00000059       0x5a hal/utils/src/utils_assert.o
 .comment       0x00000059       0x5a hal/utils/src/utils_list.o
 .comment       0x00000059       0x5a hpl/core/hpl_init.o
 .comment       0x00000059       0x5a hpl/pmc/hpl_pmc.o
 .comment       0x00000059       0x5a hpl/spi/hpl_spi.o
 .comment       0x00000059       0x5a hpl/systick/hpl_systick_ARMv7_base.o
 .comment       0x00000059       0x5a hpl/usbhs/hpl_usbhs.o
 .comment       0x00000059       0x5a main.o
 .comment       0x00000059       0x5a thirdparty/RTOS/freertos/FreeRTOSV8.2.3/rtos_port.o
 .comment       0x00000059       0x5a thirdparty/RTOS/freertos/FreeRTOSV8.2.3/Source/list.o
 .comment       0x00000059       0x5a thirdparty/RTOS/freertos/FreeRTOSV8.2.3/Source/portable/GCC/ARM_CM7/port.o
 .comment       0x00000059       0x5a thirdparty/RTOS/freertos/FreeRTOSV8.2.3/Source/portable/MemMang/heap_1.o
 .comment       0x00000059       0x5a thirdparty/RTOS/freertos/FreeRTOSV8.2.3/Source/queue.o
 .comment       0x00000059       0x5a thirdparty/RTOS/freertos/FreeRTOSV8.2.3/Source/tasks.o
 .comment       0x00000059       0x5a thirdparty/RTOS/freertos/FreeRTOSV8.2.3/Source/timers.o
 .comment       0x00000059       0x5a usb/class/cdc/device/cdcdf_acm.o
 .comment       0x00000059       0x5a usb/device/usbdc.o
 .comment       0x00000059       0x5a usb/usb_protocol.o
 .comment       0x00000059       0x5a usb_start.o

.debug_info     0x00000000    0x208bd
 .debug_info    0x00000000      0xc6f app/app.o
 .debug_info    0x00000c6f      0xca1 atmel_start.o
 .debug_info    0x00001910      0xa6b Device_Startup/startup_same70q21.o
 .debug_info    0x0000237b     0x1e64 driver_init.o
 .debug_info    0x000041df      0x1ee hal/src/hal_atomic.o
 .debug_info    0x000043cd      0x1f8 hal/src/hal_delay.o
 .debug_info    0x000045c5      0xec4 hal/src/hal_spi_m_os.o
 .debug_info    0x00005489     0x1de6 hal/src/hal_usb_device.o
 .debug_info    0x0000726f      0x10d hal/utils/src/utils_assert.o
 .debug_info    0x0000737c      0x317 hal/utils/src/utils_list.o
 .debug_info    0x00007693      0x6a3 hpl/core/hpl_init.o
 .debug_info    0x00007d36      0x985 hpl/pmc/hpl_pmc.o
 .debug_info    0x000086bb     0x32b1 hpl/spi/hpl_spi.o
 .debug_info    0x0000b96c      0x292 hpl/systick/hpl_systick_ARMv7_base.o
 .debug_info    0x0000bbfe     0x53af hpl/usbhs/hpl_usbhs.o
 .debug_info    0x00010fad      0xe7e main.o
 .debug_info    0x00011e2b      0x6e6 thirdparty/RTOS/freertos/FreeRTOSV8.2.3/rtos_port.o
 .debug_info    0x00012511      0xbc7 thirdparty/RTOS/freertos/FreeRTOSV8.2.3/Source/list.o
 .debug_info    0x000130d8      0x518 thirdparty/RTOS/freertos/FreeRTOSV8.2.3/Source/portable/GCC/ARM_CM7/port.o
 .debug_info    0x000135f0      0xaf6 thirdparty/RTOS/freertos/FreeRTOSV8.2.3/Source/portable/MemMang/heap_1.o
 .debug_info    0x000140e6     0x2703 thirdparty/RTOS/freertos/FreeRTOSV8.2.3/Source/queue.o
 .debug_info    0x000167e9     0x2e62 thirdparty/RTOS/freertos/FreeRTOSV8.2.3/Source/tasks.o
 .debug_info    0x0001964b     0x1a16 thirdparty/RTOS/freertos/FreeRTOSV8.2.3/Source/timers.o
 .debug_info    0x0001b061     0x175c usb/class/cdc/device/cdcdf_acm.o
 .debug_info    0x0001c7bd     0x222b usb/device/usbdc.o
 .debug_info    0x0001e9e8      0xdf2 usb/usb_protocol.o
 .debug_info    0x0001f7da     0x10e3 usb_start.o

.debug_abbrev   0x00000000     0x43b6
 .debug_abbrev  0x00000000      0x195 app/app.o
 .debug_abbrev  0x00000195      0x1b4 atmel_start.o
 .debug_abbrev  0x00000349      0x153 Device_Startup/startup_same70q21.o
 .debug_abbrev  0x0000049c      0x2fb driver_init.o
 .debug_abbrev  0x00000797      0x135 hal/src/hal_atomic.o
 .debug_abbrev  0x000008cc       0xe8 hal/src/hal_delay.o
 .debug_abbrev  0x000009b4      0x1d9 hal/src/hal_spi_m_os.o
 .debug_abbrev  0x00000b8d      0x493 hal/src/hal_usb_device.o
 .debug_abbrev  0x00001020       0x8d hal/utils/src/utils_assert.o
 .debug_abbrev  0x000010ad      0x17c hal/utils/src/utils_list.o
 .debug_abbrev  0x00001229      0x1c5 hpl/core/hpl_init.o
 .debug_abbrev  0x000013ee      0x1bf hpl/pmc/hpl_pmc.o
 .debug_abbrev  0x000015ad      0x416 hpl/spi/hpl_spi.o
 .debug_abbrev  0x000019c3      0x185 hpl/systick/hpl_systick_ARMv7_base.o
 .debug_abbrev  0x00001b48      0x509 hpl/usbhs/hpl_usbhs.o
 .debug_abbrev  0x00002051      0x24d main.o
 .debug_abbrev  0x0000229e      0x162 thirdparty/RTOS/freertos/FreeRTOSV8.2.3/rtos_port.o
 .debug_abbrev  0x00002400      0x21a thirdparty/RTOS/freertos/FreeRTOSV8.2.3/Source/list.o
 .debug_abbrev  0x0000261a      0x222 thirdparty/RTOS/freertos/FreeRTOSV8.2.3/Source/portable/GCC/ARM_CM7/port.o
 .debug_abbrev  0x0000283c      0x27d thirdparty/RTOS/freertos/FreeRTOSV8.2.3/Source/portable/MemMang/heap_1.o
 .debug_abbrev  0x00002ab9      0x3a9 thirdparty/RTOS/freertos/FreeRTOSV8.2.3/Source/queue.o
 .debug_abbrev  0x00002e62      0x477 thirdparty/RTOS/freertos/FreeRTOSV8.2.3/Source/tasks.o
 .debug_abbrev  0x000032d9      0x383 thirdparty/RTOS/freertos/FreeRTOSV8.2.3/Source/timers.o
 .debug_abbrev  0x0000365c      0x401 usb/class/cdc/device/cdcdf_acm.o
 .debug_abbrev  0x00003a5d      0x423 usb/device/usbdc.o
 .debug_abbrev  0x00003e80      0x2ae usb/usb_protocol.o
 .debug_abbrev  0x0000412e      0x288 usb_start.o

.debug_aranges  0x00000000      0xce0
 .debug_aranges
                0x00000000       0x20 app/app.o
 .debug_aranges
                0x00000020       0x20 atmel_start.o
 .debug_aranges
                0x00000040       0x28 Device_Startup/startup_same70q21.o
 .debug_aranges
                0x00000068       0x50 driver_init.o
 .debug_aranges
                0x000000b8       0x30 hal/src/hal_atomic.o
 .debug_aranges
                0x000000e8       0x38 hal/src/hal_delay.o
 .debug_aranges
                0x00000120       0x90 hal/src/hal_spi_m_os.o
 .debug_aranges
                0x000001b0      0x100 hal/src/hal_usb_device.o
 .debug_aranges
                0x000002b0       0x20 hal/utils/src/utils_assert.o
 .debug_aranges
                0x000002d0       0x48 hal/utils/src/utils_list.o
 .debug_aranges
                0x00000318       0x20 hpl/core/hpl_init.o
 .debug_aranges
                0x00000338       0x20 hpl/pmc/hpl_pmc.o
 .debug_aranges
                0x00000358      0x1c0 hpl/spi/hpl_spi.o
 .debug_aranges
                0x00000518       0x48 hpl/systick/hpl_systick_ARMv7_base.o
 .debug_aranges
                0x00000560      0x118 hpl/usbhs/hpl_usbhs.o
 .debug_aranges
                0x00000678       0x40 main.o
 .debug_aranges
                0x000006b8       0x38 thirdparty/RTOS/freertos/FreeRTOSV8.2.3/rtos_port.o
 .debug_aranges
                0x000006f0       0x40 thirdparty/RTOS/freertos/FreeRTOSV8.2.3/Source/list.o
 .debug_aranges
                0x00000730       0x80 thirdparty/RTOS/freertos/FreeRTOSV8.2.3/Source/portable/GCC/ARM_CM7/port.o
 .debug_aranges
                0x000007b0       0x38 thirdparty/RTOS/freertos/FreeRTOSV8.2.3/Source/portable/MemMang/heap_1.o
 .debug_aranges
                0x000007e8      0x110 thirdparty/RTOS/freertos/FreeRTOSV8.2.3/Source/queue.o
 .debug_aranges
                0x000008f8      0x188 thirdparty/RTOS/freertos/FreeRTOSV8.2.3/Source/tasks.o
 .debug_aranges
                0x00000a80       0x88 thirdparty/RTOS/freertos/FreeRTOSV8.2.3/Source/timers.o
 .debug_aranges
                0x00000b08       0x70 usb/class/cdc/device/cdcdf_acm.o
 .debug_aranges
                0x00000b78       0xe0 usb/device/usbdc.o
 .debug_aranges
                0x00000c58       0x40 usb/usb_protocol.o
 .debug_aranges
                0x00000c98       0x48 usb_start.o

.debug_ranges   0x00000000     0x1160
 .debug_ranges  0x00000000       0x10 app/app.o
 .debug_ranges  0x00000010       0x10 atmel_start.o
 .debug_ranges  0x00000020       0x18 Device_Startup/startup_same70q21.o
 .debug_ranges  0x00000038       0x40 driver_init.o
 .debug_ranges  0x00000078       0x20 hal/src/hal_atomic.o
 .debug_ranges  0x00000098       0x28 hal/src/hal_delay.o
 .debug_ranges  0x000000c0       0x80 hal/src/hal_spi_m_os.o
 .debug_ranges  0x00000140      0x148 hal/src/hal_usb_device.o
 .debug_ranges  0x00000288       0x10 hal/utils/src/utils_assert.o
 .debug_ranges  0x00000298       0x58 hal/utils/src/utils_list.o
 .debug_ranges  0x000002f0       0x10 hpl/core/hpl_init.o
 .debug_ranges  0x00000300       0x10 hpl/pmc/hpl_pmc.o
 .debug_ranges  0x00000310      0x2c8 hpl/spi/hpl_spi.o
 .debug_ranges  0x000005d8       0x38 hpl/systick/hpl_systick_ARMv7_base.o
 .debug_ranges  0x00000610      0x2b0 hpl/usbhs/hpl_usbhs.o
 .debug_ranges  0x000008c0       0x30 main.o
 .debug_ranges  0x000008f0       0x28 thirdparty/RTOS/freertos/FreeRTOSV8.2.3/rtos_port.o
 .debug_ranges  0x00000918       0x30 thirdparty/RTOS/freertos/FreeRTOSV8.2.3/Source/list.o
 .debug_ranges  0x00000948       0x70 thirdparty/RTOS/freertos/FreeRTOSV8.2.3/Source/portable/GCC/ARM_CM7/port.o
 .debug_ranges  0x000009b8       0x28 thirdparty/RTOS/freertos/FreeRTOSV8.2.3/Source/portable/MemMang/heap_1.o
 .debug_ranges  0x000009e0      0x1d0 thirdparty/RTOS/freertos/FreeRTOSV8.2.3/Source/queue.o
 .debug_ranges  0x00000bb0      0x278 thirdparty/RTOS/freertos/FreeRTOSV8.2.3/Source/tasks.o
 .debug_ranges  0x00000e28       0xc8 thirdparty/RTOS/freertos/FreeRTOSV8.2.3/Source/timers.o
 .debug_ranges  0x00000ef0       0xc0 usb/class/cdc/device/cdcdf_acm.o
 .debug_ranges  0x00000fb0       0xe8 usb/device/usbdc.o
 .debug_ranges  0x00001098       0x90 usb/usb_protocol.o
 .debug_ranges  0x00001128       0x38 usb_start.o

.debug_macro    0x00000000    0x3d136
 .debug_macro   0x00000000      0x942 app/app.o
 .debug_macro   0x00000942      0x8aa app/app.o
 .debug_macro   0x000011ec      0x16d app/app.o
 .debug_macro   0x00001359       0x22 app/app.o
 .debug_macro   0x0000137b       0x87 app/app.o
 .debug_macro   0x00001402       0x51 app/app.o
 .debug_macro   0x00001453       0xef app/app.o
 .debug_macro   0x00001542       0x6a app/app.o
 .debug_macro   0x000015ac      0x1df app/app.o
 .debug_macro   0x0000178b       0x22 app/app.o
 .debug_macro   0x000017ad       0x7c app/app.o
 .debug_macro   0x00001829       0x3b app/app.o
 .debug_macro   0x00001864       0x2d app/app.o
 .debug_macro   0x00001891       0x26 app/app.o
 .debug_macro   0x000018b7      0xf9a app/app.o
 .debug_macro   0x00002851      0x3de app/app.o
 .debug_macro   0x00002c2f      0x58e app/app.o
 .debug_macro   0x000031bd     0x173f app/app.o
 .debug_macro   0x000048fc      0x3b7 app/app.o
 .debug_macro   0x00004cb3      0x817 app/app.o
 .debug_macro   0x000054ca      0x312 app/app.o
 .debug_macro   0x000057dc     0x3440 app/app.o
 .debug_macro   0x00008c1c       0x40 app/app.o
 .debug_macro   0x00008c5c     0x105a app/app.o
 .debug_macro   0x00009cb6      0x551 app/app.o
 .debug_macro   0x0000a207      0xb7d app/app.o
 .debug_macro   0x0000ad84      0x500 app/app.o
 .debug_macro   0x0000b284     0x3197 app/app.o
 .debug_macro   0x0000e41b     0x83fb app/app.o
 .debug_macro   0x00016816     0x2e57 app/app.o
 .debug_macro   0x0001966d     0x23ec app/app.o
 .debug_macro   0x0001ba59      0x87b app/app.o
 .debug_macro   0x0001c2d4      0x17d app/app.o
 .debug_macro   0x0001c451      0x118 app/app.o
 .debug_macro   0x0001c569      0x952 app/app.o
 .debug_macro   0x0001cebb      0x121 app/app.o
 .debug_macro   0x0001cfdc      0x500 app/app.o
 .debug_macro   0x0001d4dc      0x3e0 app/app.o
 .debug_macro   0x0001d8bc      0x69a app/app.o
 .debug_macro   0x0001df56      0xb0f app/app.o
 .debug_macro   0x0001ea65      0xeea app/app.o
 .debug_macro   0x0001f94f      0xbaf app/app.o
 .debug_macro   0x000204fe      0x124 app/app.o
 .debug_macro   0x00020622      0xbd3 app/app.o
 .debug_macro   0x000211f5      0x5c1 app/app.o
 .debug_macro   0x000217b6     0x1204 app/app.o
 .debug_macro   0x000229ba     0x34e5 app/app.o
 .debug_macro   0x00025e9f       0xb2 app/app.o
 .debug_macro   0x00025f51      0x12d app/app.o
 .debug_macro   0x0002607e     0x2783 app/app.o
 .debug_macro   0x00028801       0x46 app/app.o
 .debug_macro   0x00028847      0x144 app/app.o
 .debug_macro   0x0002898b       0xc4 app/app.o
 .debug_macro   0x00028a4f       0xc4 app/app.o
 .debug_macro   0x00028b13       0x16 app/app.o
 .debug_macro   0x00028b29       0x76 app/app.o
 .debug_macro   0x00028b9f       0x40 app/app.o
 .debug_macro   0x00028bdf      0x56d app/app.o
 .debug_macro   0x0002914c       0x40 app/app.o
 .debug_macro   0x0002918c      0x7c7 app/app.o
 .debug_macro   0x00029953       0x82 app/app.o
 .debug_macro   0x000299d5       0xa6 app/app.o
 .debug_macro   0x00029a7b      0x127 app/app.o
 .debug_macro   0x00029ba2      0x119 app/app.o
 .debug_macro   0x00029cbb      0x119 app/app.o
 .debug_macro   0x00029dd4      0x17d app/app.o
 .debug_macro   0x00029f51      0x176 app/app.o
 .debug_macro   0x0002a0c7      0x176 app/app.o
 .debug_macro   0x0002a23d      0x176 app/app.o
 .debug_macro   0x0002a3b3      0x176 app/app.o
 .debug_macro   0x0002a529      0x11f app/app.o
 .debug_macro   0x0002a648      0x313 app/app.o
 .debug_macro   0x0002a95b      0x313 app/app.o
 .debug_macro   0x0002ac6e       0x7c app/app.o
 .debug_macro   0x0002acea       0x22 app/app.o
 .debug_macro   0x0002ad0c       0x22 app/app.o
 .debug_macro   0x0002ad2e       0x5e app/app.o
 .debug_macro   0x0002ad8c       0x28 app/app.o
 .debug_macro   0x0002adb4       0x5e app/app.o
 .debug_macro   0x0002ae12       0x8e app/app.o
 .debug_macro   0x0002aea0       0x76 app/app.o
 .debug_macro   0x0002af16       0x76 app/app.o
 .debug_macro   0x0002af8c       0x88 app/app.o
 .debug_macro   0x0002b014       0x34 app/app.o
 .debug_macro   0x0002b048      0x143 app/app.o
 .debug_macro   0x0002b18b      0x143 app/app.o
 .debug_macro   0x0002b2ce      0x143 app/app.o
 .debug_macro   0x0002b411      0x143 app/app.o
 .debug_macro   0x0002b554       0x34 app/app.o
 .debug_macro   0x0002b588       0x7c app/app.o
 .debug_macro   0x0002b604       0x7c app/app.o
 .debug_macro   0x0002b680       0x7c app/app.o
 .debug_macro   0x0002b6fc       0x5e app/app.o
 .debug_macro   0x0002b75a       0x5e app/app.o
 .debug_macro   0x0002b7b8       0x5e app/app.o
 .debug_macro   0x0002b816       0x5e app/app.o
 .debug_macro   0x0002b874       0x5e app/app.o
 .debug_macro   0x0002b8d2       0xd6 app/app.o
 .debug_macro   0x0002b9a8       0xd6 app/app.o
 .debug_macro   0x0002ba7e       0xd6 app/app.o
 .debug_macro   0x0002bb54      0x718 app/app.o
 .debug_macro   0x0002c26c       0x16 app/app.o
 .debug_macro   0x0002c282       0x22 app/app.o
 .debug_macro   0x0002c2a4      0x9b8 app/app.o
 .debug_macro   0x0002cc5c      0x559 app/app.o
 .debug_macro   0x0002d1b5     0x3a74 app/app.o
 .debug_macro   0x00030c29      0x15b app/app.o
 .debug_macro   0x00030d84       0x10 app/app.o
 .debug_macro   0x00030d94       0x10 app/app.o
 .debug_macro   0x00030da4       0x16 app/app.o
 .debug_macro   0x00030dba       0x16 app/app.o
 .debug_macro   0x00030dd0       0x16 app/app.o
 .debug_macro   0x00030de6       0x16 app/app.o
 .debug_macro   0x00030dfc       0x16 app/app.o
 .debug_macro   0x00030e12       0x16 app/app.o
 .debug_macro   0x00030e28       0x16 app/app.o
 .debug_macro   0x00030e3e       0x16 app/app.o
 .debug_macro   0x00030e54       0x16 app/app.o
 .debug_macro   0x00030e6a       0x16 app/app.o
 .debug_macro   0x00030e80       0x16 app/app.o
 .debug_macro   0x00030e96       0x16 app/app.o
 .debug_macro   0x00030eac       0x16 app/app.o
 .debug_macro   0x00030ec2       0x16 app/app.o
 .debug_macro   0x00030ed8       0x16 app/app.o
 .debug_macro   0x00030eee       0x16 app/app.o
 .debug_macro   0x00030f04       0x16 app/app.o
 .debug_macro   0x00030f1a       0x16 app/app.o
 .debug_macro   0x00030f30       0x16 app/app.o
 .debug_macro   0x00030f46       0x16 app/app.o
 .debug_macro   0x00030f5c       0x16 app/app.o
 .debug_macro   0x00030f72       0x16 app/app.o
 .debug_macro   0x00030f88       0x16 app/app.o
 .debug_macro   0x00030f9e       0x16 app/app.o
 .debug_macro   0x00030fb4       0x16 app/app.o
 .debug_macro   0x00030fca       0x16 app/app.o
 .debug_macro   0x00030fe0       0x16 app/app.o
 .debug_macro   0x00030ff6       0x16 app/app.o
 .debug_macro   0x0003100c       0x16 app/app.o
 .debug_macro   0x00031022       0x16 app/app.o
 .debug_macro   0x00031038       0x16 app/app.o
 .debug_macro   0x0003104e       0x16 app/app.o
 .debug_macro   0x00031064       0x16 app/app.o
 .debug_macro   0x0003107a       0x16 app/app.o
 .debug_macro   0x00031090       0xca app/app.o
 .debug_macro   0x0003115a       0x1c app/app.o
 .debug_macro   0x00031176       0x16 app/app.o
 .debug_macro   0x0003118c       0x40 app/app.o
 .debug_macro   0x000311cc       0xc9 app/app.o
 .debug_macro   0x00031295       0x1c app/app.o
 .debug_macro   0x000312b1       0x5e app/app.o
 .debug_macro   0x0003130f      0x188 app/app.o
 .debug_macro   0x00031497      0x169 app/app.o
 .debug_macro   0x00031600       0xcf app/app.o
 .debug_macro   0x000316cf       0x10 app/app.o
 .debug_macro   0x000316df       0x1f app/app.o
 .debug_macro   0x000316fe      0x3a7 app/app.o
 .debug_macro   0x00031aa5       0x94 app/app.o
 .debug_macro   0x00031b39       0x78 app/app.o
 .debug_macro   0x00031bb1       0xc0 app/app.o
 .debug_macro   0x00031c71       0x93 app/app.o
 .debug_macro   0x00031d04       0x1c app/app.o
 .debug_macro   0x00031d20       0xd3 app/app.o
 .debug_macro   0x00031df3       0x64 app/app.o
 .debug_macro   0x00031e57       0x52 app/app.o
 .debug_macro   0x00031ea9       0x35 app/app.o
 .debug_macro   0x00031ede       0x9c app/app.o
 .debug_macro   0x00031f7a       0x52 app/app.o
 .debug_macro   0x00031fcc       0x1f app/app.o
 .debug_macro   0x00031feb       0x43 app/app.o
 .debug_macro   0x0003202e       0x20 app/app.o
 .debug_macro   0x0003204e      0x187 app/app.o
 .debug_macro   0x000321d5      0x330 app/app.o
 .debug_macro   0x00032505       0x10 app/app.o
 .debug_macro   0x00032515       0x35 app/app.o
 .debug_macro   0x0003254a       0x79 app/app.o
 .debug_macro   0x000325c3      0x10d app/app.o
 .debug_macro   0x000326d0      0x260 app/app.o
 .debug_macro   0x00032930       0xb0 app/app.o
 .debug_macro   0x000329e0       0x22 app/app.o
 .debug_macro   0x00032a02      0x92c atmel_start.o
 .debug_macro   0x0003332e      0x439 Device_Startup/startup_same70q21.o
 .debug_macro   0x00033767       0x76 Device_Startup/startup_same70q21.o
 .debug_macro   0x000337dd      0x7ea driver_init.o
 .debug_macro   0x00033fc7       0x10 driver_init.o
 .debug_macro   0x00033fd7      0x602 hal/src/hal_atomic.o
 .debug_macro   0x000345d9      0x639 hal/src/hal_delay.o
 .debug_macro   0x00034c12      0x736 hal/src/hal_spi_m_os.o
 .debug_macro   0x00035348      0x6fc hal/src/hal_usb_device.o
 .debug_macro   0x00035a44       0xcd hal/src/hal_usb_device.o
 .debug_macro   0x00035b11      0x60c hal/utils/src/utils_assert.o
 .debug_macro   0x0003611d       0x10 hal/utils/src/utils_assert.o
 .debug_macro   0x0003612d      0x611 hal/utils/src/utils_list.o
 .debug_macro   0x0003673e      0x67a hpl/core/hpl_init.o
 .debug_macro   0x00036db8      0x324 hpl/core/hpl_init.o
 .debug_macro   0x000370dc      0x9df hpl/core/hpl_init.o
 .debug_macro   0x00037abb      0x62b hpl/pmc/hpl_pmc.o
 .debug_macro   0x000380e6      0x6d2 hpl/spi/hpl_spi.o
 .debug_macro   0x000387b8       0x64 hpl/spi/hpl_spi.o
 .debug_macro   0x0003881c       0x22 hpl/spi/hpl_spi.o
 .debug_macro   0x0003883e       0x10 hpl/spi/hpl_spi.o
 .debug_macro   0x0003884e      0x611 hpl/systick/hpl_systick_ARMv7_base.o
 .debug_macro   0x00038e5f       0x10 hpl/systick/hpl_systick_ARMv7_base.o
 .debug_macro   0x00038e6f      0x7e8 hpl/usbhs/hpl_usbhs.o
 .debug_macro   0x00039657      0x95a main.o
 .debug_macro   0x00039fb1      0x6d9 thirdparty/RTOS/freertos/FreeRTOSV8.2.3/rtos_port.o
 .debug_macro   0x0003a68a      0x18b thirdparty/RTOS/freertos/FreeRTOSV8.2.3/Source/list.o
 .debug_macro   0x0003a815      0x191 thirdparty/RTOS/freertos/FreeRTOSV8.2.3/Source/portable/GCC/ARM_CM7/port.o
 .debug_macro   0x0003a9a6      0x1ac thirdparty/RTOS/freertos/FreeRTOSV8.2.3/Source/portable/MemMang/heap_1.o
 .debug_macro   0x0003ab52      0x207 thirdparty/RTOS/freertos/FreeRTOSV8.2.3/Source/queue.o
 .debug_macro   0x0003ad59       0x16 thirdparty/RTOS/freertos/FreeRTOSV8.2.3/Source/queue.o
 .debug_macro   0x0003ad6f      0x308 thirdparty/RTOS/freertos/FreeRTOSV8.2.3/Source/tasks.o
 .debug_macro   0x0003b077       0x11 thirdparty/RTOS/freertos/FreeRTOSV8.2.3/Source/tasks.o
 .debug_macro   0x0003b088       0x1c thirdparty/RTOS/freertos/FreeRTOSV8.2.3/Source/tasks.o
 .debug_macro   0x0003b0a4      0x1c8 thirdparty/RTOS/freertos/FreeRTOSV8.2.3/Source/timers.o
 .debug_macro   0x0003b26c      0x75a usb/class/cdc/device/cdcdf_acm.o
 .debug_macro   0x0003b9c6      0x739 usb/device/usbdc.o
 .debug_macro   0x0003c0ff      0x70c usb/usb_protocol.o
 .debug_macro   0x0003c80b      0x92b usb_start.o

.debug_line     0x00000000    0x15ce9
 .debug_line    0x00000000     0x105b app/app.o
 .debug_line    0x0000105b     0x103b atmel_start.o
 .debug_line    0x00002096      0x804 Device_Startup/startup_same70q21.o
 .debug_line    0x0000289a      0xfbe driver_init.o
 .debug_line    0x00003858      0xb9e hal/src/hal_atomic.o
 .debug_line    0x000043f6      0xbcf hal/src/hal_delay.o
 .debug_line    0x00004fc5      0xef8 hal/src/hal_spi_m_os.o
 .debug_line    0x00005ebd      0xf43 hal/src/hal_usb_device.o
 .debug_line    0x00006e00      0xb6f hal/utils/src/utils_assert.o
 .debug_line    0x0000796f      0xc02 hal/utils/src/utils_list.o
 .debug_line    0x00008571      0xc55 hpl/core/hpl_init.o
 .debug_line    0x000091c6      0xc39 hpl/pmc/hpl_pmc.o
 .debug_line    0x00009dff     0x16bc hpl/spi/hpl_spi.o
 .debug_line    0x0000b4bb      0xc15 hpl/systick/hpl_systick_ARMv7_base.o
 .debug_line    0x0000c0d0     0x1512 hpl/usbhs/hpl_usbhs.o
 .debug_line    0x0000d5e2     0x10c8 main.o
 .debug_line    0x0000e6aa      0xd87 thirdparty/RTOS/freertos/FreeRTOSV8.2.3/rtos_port.o
 .debug_line    0x0000f431      0x49a thirdparty/RTOS/freertos/FreeRTOSV8.2.3/Source/list.o
 .debug_line    0x0000f8cb      0x4c3 thirdparty/RTOS/freertos/FreeRTOSV8.2.3/Source/portable/GCC/ARM_CM7/port.o
 .debug_line    0x0000fd8e      0x491 thirdparty/RTOS/freertos/FreeRTOSV8.2.3/Source/portable/MemMang/heap_1.o
 .debug_line    0x0001021f      0xa53 thirdparty/RTOS/freertos/FreeRTOSV8.2.3/Source/queue.o
 .debug_line    0x00010c72      0xdf3 thirdparty/RTOS/freertos/FreeRTOSV8.2.3/Source/tasks.o
 .debug_line    0x00011a65      0x679 thirdparty/RTOS/freertos/FreeRTOSV8.2.3/Source/timers.o
 .debug_line    0x000120de      0xe93 usb/class/cdc/device/cdcdf_acm.o
 .debug_line    0x00012f71      0xf77 usb/device/usbdc.o
 .debug_line    0x00013ee8      0xd72 usb/usb_protocol.o
 .debug_line    0x00014c5a     0x108f usb_start.o

.debug_str      0x00000000   0x12646b
 .debug_str     0x00000000   0x119972 app/app.o
                             0x11a419 (size before relaxing)
 .debug_str     0x00119972       0x39 atmel_start.o
                             0x11a429 (size before relaxing)
 .debug_str     0x001199ab      0x728 Device_Startup/startup_same70q21.o
                             0x10f406 (size before relaxing)
 .debug_str     0x0011a0d3      0x940 driver_init.o
                             0x115f17 (size before relaxing)
 .debug_str     0x0011aa13       0x9c hal/src/hal_atomic.o
                             0x110042 (size before relaxing)
 .debug_str     0x0011aaaf       0x92 hal/src/hal_delay.o
                             0x1100ac (size before relaxing)
 .debug_str     0x0011ab41      0x3ef hal/src/hal_spi_m_os.o
                             0x1150c8 (size before relaxing)
 .debug_str     0x0011af30      0x81a hal/src/hal_usb_device.o
                             0x113ef3 (size before relaxing)
 .debug_str     0x0011b74a       0x2a hal/utils/src/utils_assert.o
                             0x11003e (size before relaxing)
 .debug_str     0x0011b774       0x9c hal/utils/src/utils_list.o
                             0x1100e8 (size before relaxing)
 .debug_str     0x0011b810     0x307f hpl/core/hpl_init.o
                             0x113506 (size before relaxing)
 .debug_str     0x0011e88f      0x243 hpl/pmc/hpl_pmc.o
                             0x111197 (size before relaxing)
 .debug_str     0x0011ead2     0x1173 hpl/spi/hpl_spi.o
                             0x111dc2 (size before relaxing)
 .debug_str     0x0011fc45       0xde hpl/systick/hpl_systick_ARMv7_base.o
                             0x1100ab (size before relaxing)
 .debug_str     0x0011fd23     0x177d hpl/usbhs/hpl_usbhs.o
                             0x115818 (size before relaxing)
 .debug_str     0x001214a0      0x189 main.o
                             0x11a5c3 (size before relaxing)
 .debug_str     0x00121629       0xae thirdparty/RTOS/freertos/FreeRTOSV8.2.3/rtos_port.o
                             0x11479c (size before relaxing)
 .debug_str     0x001216d7      0x23b thirdparty/RTOS/freertos/FreeRTOSV8.2.3/Source/list.o
                               0x94b7 (size before relaxing)
 .debug_str     0x00121912      0x752 thirdparty/RTOS/freertos/FreeRTOSV8.2.3/Source/portable/GCC/ARM_CM7/port.o
                               0x7537 (size before relaxing)
 .debug_str     0x00122064      0x175 thirdparty/RTOS/freertos/FreeRTOSV8.2.3/Source/portable/MemMang/heap_1.o
                               0x9b32 (size before relaxing)
 .debug_str     0x001221d9      0x862 thirdparty/RTOS/freertos/FreeRTOSV8.2.3/Source/queue.o
                               0xac7c (size before relaxing)
 .debug_str     0x00122a3b     0x27bb thirdparty/RTOS/freertos/FreeRTOSV8.2.3/Source/tasks.o
                               0xc692 (size before relaxing)
 .debug_str     0x001251f6      0x42e thirdparty/RTOS/freertos/FreeRTOSV8.2.3/Source/timers.o
                               0xaf97 (size before relaxing)
 .debug_str     0x00125624      0x779 usb/class/cdc/device/cdcdf_acm.o
                             0x1158ce (size before relaxing)
 .debug_str     0x00125d9d      0x4fa usb/device/usbdc.o
                             0x114ee9 (size before relaxing)
 .debug_str     0x00126297       0xcc usb/usb_protocol.o
                             0x113ebf (size before relaxing)
 .debug_str     0x00126363      0x108 usb_start.o
                             0x11a6e4 (size before relaxing)

.debug_frame    0x00000000     0x232c
 .debug_frame   0x00000000       0x20 app/app.o
 .debug_frame   0x00000020       0x28 atmel_start.o
 .debug_frame   0x00000048       0x38 Device_Startup/startup_same70q21.o
 .debug_frame   0x00000080       0xa0 driver_init.o
 .debug_frame   0x00000120       0x40 hal/src/hal_atomic.o
 .debug_frame   0x00000160       0x68 hal/src/hal_delay.o
 .debug_frame   0x000001c8      0x1a4 hal/src/hal_spi_m_os.o
 .debug_frame   0x0000036c      0x318 hal/src/hal_usb_device.o
 .debug_frame   0x00000684       0x20 hal/utils/src/utils_assert.o
 .debug_frame   0x000006a4       0xa0 hal/utils/src/utils_list.o
 .debug_frame   0x00000744       0x2c hpl/core/hpl_init.o
 .debug_frame   0x00000770       0x20 hpl/pmc/hpl_pmc.o
 .debug_frame   0x00000790      0x564 hpl/spi/hpl_spi.o
 .debug_frame   0x00000cf4       0x7c hpl/systick/hpl_systick_ARMv7_base.o
 .debug_frame   0x00000d70      0x330 hpl/usbhs/hpl_usbhs.o
 .debug_frame   0x000010a0       0x98 main.o
 .debug_frame   0x00001138       0x78 thirdparty/RTOS/freertos/FreeRTOSV8.2.3/rtos_port.o
 .debug_frame   0x000011b0       0x6c thirdparty/RTOS/freertos/FreeRTOSV8.2.3/Source/list.o
 .debug_frame   0x0000121c       0xf0 thirdparty/RTOS/freertos/FreeRTOSV8.2.3/Source/portable/GCC/ARM_CM7/port.o
 .debug_frame   0x0000130c       0x5c thirdparty/RTOS/freertos/FreeRTOSV8.2.3/Source/portable/MemMang/heap_1.o
 .debug_frame   0x00001368      0x38c thirdparty/RTOS/freertos/FreeRTOSV8.2.3/Source/queue.o
 .debug_frame   0x000016f4      0x4fc thirdparty/RTOS/freertos/FreeRTOSV8.2.3/Source/tasks.o
 .debug_frame   0x00001bf0      0x198 thirdparty/RTOS/freertos/FreeRTOSV8.2.3/Source/timers.o
 .debug_frame   0x00001d88      0x138 usb/class/cdc/device/cdcdf_acm.o
 .debug_frame   0x00001ec0      0x29c usb/device/usbdc.o
 .debug_frame   0x0000215c       0xb4 usb/usb_protocol.o
 .debug_frame   0x00002210       0xa8 usb_start.o
 .debug_frame   0x000022b8       0x2c c:/program files (x86)/atmel/studio/7.0/toolchain/arm/arm-gnu-toolchain/bin/../lib/gcc/arm-none-eabi/6.2.1/../../../../arm-none-eabi/lib/thumb/v7e-m\libc_nano.a(lib_a-init.o)
 .debug_frame   0x000022e4       0x28 c:/program files (x86)/atmel/studio/7.0/toolchain/arm/arm-gnu-toolchain/bin/../lib/gcc/arm-none-eabi/6.2.1/../../../../arm-none-eabi/lib/thumb/v7e-m\libc_nano.a(lib_a-memcpy-stub.o)
 .debug_frame   0x0000230c       0x20 c:/program files (x86)/atmel/studio/7.0/toolchain/arm/arm-gnu-toolchain/bin/../lib/gcc/arm-none-eabi/6.2.1/../../../../arm-none-eabi/lib/thumb/v7e-m\libc_nano.a(lib_a-memset.o)

.debug_loc      0x00000000     0xec29
 .debug_loc     0x00000000       0x20 atmel_start.o
 .debug_loc     0x00000020       0x6b Device_Startup/startup_same70q21.o
 .debug_loc     0x0000008b      0x615 driver_init.o
 .debug_loc     0x000006a0       0x13 hal/src/hal_atomic.o
 .debug_loc     0x000006b3       0xc3 hal/src/hal_delay.o
 .debug_loc     0x00000776      0x753 hal/src/hal_spi_m_os.o
 .debug_loc     0x00000ec9     0x1276 hal/src/hal_usb_device.o
 .debug_loc     0x0000213f      0x2c1 hal/utils/src/utils_list.o
 .debug_loc     0x00002400       0x77 hpl/core/hpl_init.o
 .debug_loc     0x00002477      0x26a hpl/pmc/hpl_pmc.o
 .debug_loc     0x000026e1     0x25c9 hpl/spi/hpl_spi.o
 .debug_loc     0x00004caa      0x140 hpl/systick/hpl_systick_ARMv7_base.o
 .debug_loc     0x00004dea     0x3705 hpl/usbhs/hpl_usbhs.o
 .debug_loc     0x000084ef      0x112 main.o
 .debug_loc     0x00008601      0x1a2 thirdparty/RTOS/freertos/FreeRTOSV8.2.3/rtos_port.o
 .debug_loc     0x000087a3       0x9c thirdparty/RTOS/freertos/FreeRTOSV8.2.3/Source/list.o
 .debug_loc     0x0000883f      0x107 thirdparty/RTOS/freertos/FreeRTOSV8.2.3/Source/portable/GCC/ARM_CM7/port.o
 .debug_loc     0x00008946       0x74 thirdparty/RTOS/freertos/FreeRTOSV8.2.3/Source/portable/MemMang/heap_1.o
 .debug_loc     0x000089ba     0x18fd thirdparty/RTOS/freertos/FreeRTOSV8.2.3/Source/queue.o
 .debug_loc     0x0000a2b7     0x1cc4 thirdparty/RTOS/freertos/FreeRTOSV8.2.3/Source/tasks.o
 .debug_loc     0x0000bf7b      0xc3e thirdparty/RTOS/freertos/FreeRTOSV8.2.3/Source/timers.o
 .debug_loc     0x0000cbb9      0xaf0 usb/class/cdc/device/cdcdf_acm.o
 .debug_loc     0x0000d6a9      0xf39 usb/device/usbdc.o
 .debug_loc     0x0000e5e2      0x49d usb/usb_protocol.o
 .debug_loc     0x0000ea7f      0x1aa usb_start.o
