Archive member included to satisfy reference by file (symbol)

c:/program files (x86)/atmel/studio/7.0/toolchain/arm/arm-gnu-toolchain/bin/../lib/gcc/arm-none-eabi/6.2.1/../../../../arm-none-eabi/lib/thumb/v7e-m\libc_nano.a(lib_a-exit.o)
                              c:/program files (x86)/atmel/studio/7.0/toolchain/arm/arm-gnu-toolchain/bin/../lib/gcc/arm-none-eabi/6.2.1/../../../../arm-none-eabi/lib/thumb/v7e-m/crt0.o (exit)
c:/program files (x86)/atmel/studio/7.0/toolchain/arm/arm-gnu-toolchain/bin/../lib/gcc/arm-none-eabi/6.2.1/../../../../arm-none-eabi/lib/thumb/v7e-m\libc_nano.a(lib_a-impure.o)
                              c:/program files (x86)/atmel/studio/7.0/toolchain/arm/arm-gnu-toolchain/bin/../lib/gcc/arm-none-eabi/6.2.1/../../../../arm-none-eabi/lib/thumb/v7e-m\libc_nano.a(lib_a-exit.o) (_global_impure_ptr)
c:/program files (x86)/atmel/studio/7.0/toolchain/arm/arm-gnu-toolchain/bin/../lib/gcc/arm-none-eabi/6.2.1/../../../../arm-none-eabi/lib/thumb/v7e-m\libc_nano.a(lib_a-init.o)
                              c:/program files (x86)/atmel/studio/7.0/toolchain/arm/arm-gnu-toolchain/bin/../lib/gcc/arm-none-eabi/6.2.1/../../../../arm-none-eabi/lib/thumb/v7e-m/crt0.o (__libc_init_array)
c:/program files (x86)/atmel/studio/7.0/toolchain/arm/arm-gnu-toolchain/bin/../lib/gcc/arm-none-eabi/6.2.1/../../../../arm-none-eabi/lib/thumb/v7e-m\libc_nano.a(lib_a-memset.o)
                              c:/program files (x86)/atmel/studio/7.0/toolchain/arm/arm-gnu-toolchain/bin/../lib/gcc/arm-none-eabi/6.2.1/../../../../arm-none-eabi/lib/thumb/v7e-m/crt0.o (memset)
c:/program files (x86)/atmel/studio/7.0/toolchain/arm/arm-gnu-toolchain/bin/../lib/gcc/arm-none-eabi/6.2.1/../../../../arm-none-eabi/lib/thumb/v7e-m\libc_nano.a(lib_a-printf.o)
                              hal/utils/src/utils_syscalls.o (printf)
c:/program files (x86)/atmel/studio/7.0/toolchain/arm/arm-gnu-toolchain/bin/../lib/gcc/arm-none-eabi/6.2.1/../../../../arm-none-eabi/lib/thumb/v7e-m\libc_nano.a(lib_a-findfp.o)
                              c:/program files (x86)/atmel/studio/7.0/toolchain/arm/arm-gnu-toolchain/bin/../lib/gcc/arm-none-eabi/6.2.1/../../../../arm-none-eabi/lib/thumb/v7e-m\libc_nano.a(lib_a-printf.o) (__sinit)
c:/program files (x86)/atmel/studio/7.0/toolchain/arm/arm-gnu-toolchain/bin/../lib/gcc/arm-none-eabi/6.2.1/../../../../arm-none-eabi/lib/thumb/v7e-m\libc_nano.a(lib_a-fwalk.o)
                              c:/program files (x86)/atmel/studio/7.0/toolchain/arm/arm-gnu-toolchain/bin/../lib/gcc/arm-none-eabi/6.2.1/../../../../arm-none-eabi/lib/thumb/v7e-m\libc_nano.a(lib_a-findfp.o) (_fwalk)
c:/program files (x86)/atmel/studio/7.0/toolchain/arm/arm-gnu-toolchain/bin/../lib/gcc/arm-none-eabi/6.2.1/../../../../arm-none-eabi/lib/thumb/v7e-m\libc_nano.a(lib_a-nano-mallocr.o)
                              c:/program files (x86)/atmel/studio/7.0/toolchain/arm/arm-gnu-toolchain/bin/../lib/gcc/arm-none-eabi/6.2.1/../../../../arm-none-eabi/lib/thumb/v7e-m\libc_nano.a(lib_a-findfp.o) (_malloc_r)
c:/program files (x86)/atmel/studio/7.0/toolchain/arm/arm-gnu-toolchain/bin/../lib/gcc/arm-none-eabi/6.2.1/../../../../arm-none-eabi/lib/thumb/v7e-m\libc_nano.a(lib_a-nano-vfprintf.o)
                              c:/program files (x86)/atmel/studio/7.0/toolchain/arm/arm-gnu-toolchain/bin/../lib/gcc/arm-none-eabi/6.2.1/../../../../arm-none-eabi/lib/thumb/v7e-m\libc_nano.a(lib_a-printf.o) (_vfprintf_r)
c:/program files (x86)/atmel/studio/7.0/toolchain/arm/arm-gnu-toolchain/bin/../lib/gcc/arm-none-eabi/6.2.1/../../../../arm-none-eabi/lib/thumb/v7e-m\libc_nano.a(lib_a-nano-vfprintf_i.o)
                              c:/program files (x86)/atmel/studio/7.0/toolchain/arm/arm-gnu-toolchain/bin/../lib/gcc/arm-none-eabi/6.2.1/../../../../arm-none-eabi/lib/thumb/v7e-m\libc_nano.a(lib_a-nano-vfprintf.o) (_printf_i)
c:/program files (x86)/atmel/studio/7.0/toolchain/arm/arm-gnu-toolchain/bin/../lib/gcc/arm-none-eabi/6.2.1/../../../../arm-none-eabi/lib/thumb/v7e-m\libc_nano.a(lib_a-sbrkr.o)
                              c:/program files (x86)/atmel/studio/7.0/toolchain/arm/arm-gnu-toolchain/bin/../lib/gcc/arm-none-eabi/6.2.1/../../../../arm-none-eabi/lib/thumb/v7e-m\libc_nano.a(lib_a-nano-mallocr.o) (_sbrk_r)
c:/program files (x86)/atmel/studio/7.0/toolchain/arm/arm-gnu-toolchain/bin/../lib/gcc/arm-none-eabi/6.2.1/../../../../arm-none-eabi/lib/thumb/v7e-m\libc_nano.a(lib_a-stdio.o)
                              c:/program files (x86)/atmel/studio/7.0/toolchain/arm/arm-gnu-toolchain/bin/../lib/gcc/arm-none-eabi/6.2.1/../../../../arm-none-eabi/lib/thumb/v7e-m\libc_nano.a(lib_a-findfp.o) (__sread)
c:/program files (x86)/atmel/studio/7.0/toolchain/arm/arm-gnu-toolchain/bin/../lib/gcc/arm-none-eabi/6.2.1/../../../../arm-none-eabi/lib/thumb/v7e-m\libc_nano.a(lib_a-wbuf.o)
[...]
Memory Configuration

Name             Origin             Length             Attributes
rom              0x00400000         0x00200000         xr
ram              0x20400000         0x00060000         xrw
*default*        0x00000000         0xffffffff

Linker script and memory map

LOAD c:/program files (x86)/atmel/studio/7.0/toolchain/arm/arm-gnu-toolchain/bin/../lib/gcc/arm-none-eabi/6.2.1/thumb/v7e-m/crti.o
LOAD c:/program files (x86)/atmel/studio/7.0/toolchain/arm/arm-gnu-toolchain/bin/../lib/gcc/arm-none-eabi/6.2.1/thumb/v7e-m/crtbegin.o
LOAD c:/program files (x86)/atmel/studio/7.0/toolchain/arm/arm-gnu-toolchain/bin/../lib/gcc/arm-none-eabi/6.2.1/../../../../arm-none-eabi/lib/thumb/v7e-m/crt0.o
LOAD app/app.o
LOAD app/drivers/sx1238.o
LOAD app/drivers/sx1238_hal.o
LOAD atmel_start.o
LOAD Device_Startup/startup_same70q21.o
LOAD Device_Startup/system_same70q21.o
LOAD driver_init.o
LOAD examples/driver_examples.o
LOAD hal/src/hal_atomic.o
LOAD hal/src/hal_delay.o
LOAD hal/src/hal_gpio.o
LOAD hal/src/hal_init.o
LOAD hal/src/hal_io.o
LOAD hal/src/hal_sleep.o
LOAD hal/src/hal_spi_m_sync.o
LOAD hal/utils/src/utils_assert.o
LOAD hal/utils/src/utils_event.o
LOAD hal/utils/src/utils_list.o
LOAD hal/utils/src/utils_syscalls.o
LOAD hpl/core/hpl_core_m7_base.o
LOAD hpl/core/hpl_init.o
LOAD hpl/pmc/hpl_pmc.o
LOAD hpl/pmc/hpl_sleep.o
LOAD hpl/spi/hpl_spi.o
LOAD hpl/xdmac/hpl_xdmac.o
LOAD main.o
START GROUP
LOAD c:/program files (x86)/atmel/studio/7.0/toolchain/arm/arm-gnu-toolchain/bin/../lib/gcc/arm-none-eabi/6.2.1/../../../../arm-none-eabi/lib/thumb/v7e-m\libm.a
END GROUP
START GROUP
LOAD c:/program files (x86)/atmel/studio/7.0/toolchain/arm/arm-gnu-toolchain/bin/../lib/gcc/arm-none-eabi/6.2.1/thumb/v7e-m\libgcc.a
LOAD c:/program files (x86)/atmel/studio/7.0/toolchain/arm/arm-gnu-toolchain/bin/../lib/gcc/arm-none-eabi/6.2.1/../../../../arm-none-eabi/lib/thumb/v7e-m\libc_nano.a
END GROUP
START GROUP
LOAD c:/program files (x86)/atmel/studio/7.0/toolchain/arm/arm-gnu-toolchain/bin/../lib/gcc/arm-none-eabi/6.2.1/thumb/v7e-m\libgcc.a
LOAD c:/program files (x86)/atmel/studio/7.0/toolchain/arm/arm-gnu-toolchain/bin/../lib/gcc/arm-none-eabi/6.2.1/../../../../arm-none-eabi/lib/thumb/v7e-m\libc_nano.a
END GROUP
LOAD c:/program files (x86)/atmel/studio/7.0/toolchain/arm/arm-gnu-toolchain/bin/../lib/gcc/arm-none-eabi/6.2.1/thumb/v7e-m/crtend.o
LOAD c:/program files (x86)/atmel/studio/7.0/toolchain/arm/arm-gnu-toolchain/bin/../lib/gcc/arm-none-eabi/6.2.1/thumb/v7e-m/crtn.o
                0x00000400                STACK_SIZE = DEFINED (STACK_SIZE)?STACK_SIZE:DEFINED (__stack_size__)?__stack_size__:0x400
                0x00000200                HEAP_SIZE = DEFINED (HEAP_SIZE)?HEAP_SIZE:DEFINED (__heap_size__)?__heap_size__:0x200

.text           0x00400000      0x764
                0x00400000                . = ALIGN (0x4)
                0x00400000                _sfixed = .
 *(.vectors .vectors.*)
 .vectors       0x00400000      0x140 Device_Startup/startup_same70q21.o
                0x00400000                exception_table
 *(.text .text.* .gnu.linkonce.t.*)
 .text          0x00400140       0x6c c:/program files (x86)/atmel/studio/7.0/toolchain/arm/arm-gnu-toolchain/bin/../lib/gcc/arm-none-eabi/6.2.1/thumb/v7e-m/crtbegin.o
 .text.app_init
                0x004001ac        0x2 app/app.o
                0x004001ac                app_init
 *fill*         0x004001ae        0x2 
 .text.atmel_start_init
                0x004001b0        0xc atmel_start.o
                0x004001b0                atmel_start_init
 .text.Dummy_Handler
                0x004001bc        0x2 Device_Startup/startup_same70q21.o
                0x004001bc                DACC_Handler
                0x004001bc                DebugMon_Handler
                0x004001bc                UART3_Handler
                0x004001bc                UART2_Handler
                0x004001bc                TRNG_Handler
                0x004001bc                HardFault_Handler
                0x004001bc                TC2_Handler
                0x004001bc                SysTick_Handler
                0x004001bc                AFEC1_Handler
                0x004001bc                PendSV_Handler
                0x004001bc                NMI_Handler
                0x004001bc                TC7_Handler
                0x004001bc                QSPI_Handler
                0x004001bc                ISI_Handler
                0x004001bc                TC9_Handler
                0x004001bc                RSWDT_Handler
                0x004001bc                MCAN1_Handler
                0x004001bc                USART0_Handler
                0x004001bc                RTT_Handler
                0x004001bc                USBHS_Handler
                0x004001bc                PIOB_Handler
                0x004001bc                RTC_Handler
                0x004001bc                UsageFault_Handler
                0x004001bc                TC6_Handler
                0x004001bc                WDT_Handler
                0x004001bc                TC4_Handler
                0x004001bc                TC1_Handler
                0x004001bc                HSMCI_Handler
                0x004001bc                UART1_Handler
                0x004001bc                TC3_Handler
                0x004001bc                Dummy_Handler
                0x004001bc                TWIHS1_Handler
                0x004001bc                XDMAC_Handler
                0x004001bc                UART4_Handler
                0x004001bc                PWM1_Handler
                0x004001bc                USART1_Handler
                0x004001bc                PWM0_Handler
                0x004001bc                PIOA_Handler
                0x004001bc                AFEC0_Handler
                0x004001bc                SSC_Handler
                0x004001bc                TC11_Handler
                0x004001bc                ACC_Handler
                0x004001bc                PMC_Handler
                0x004001bc                GMAC_Handler
                0x004001bc                MemManage_Handler
                0x004001bc                SUPC_Handler
                0x004001bc                SVC_Handler
                0x004001bc                TC8_Handler
                0x004001bc                EFC_Handler
                0x004001bc                USART2_Handler
                0x004001bc                SDRAMC_Handler
                0x004001bc                PIOE_Handler
                0x004001bc                SPI1_Handler
                0x004001bc                MCAN0_Handler
                0x004001bc                TC10_Handler
                0x004001bc                PIOD_Handler
                0x004001bc                TWIHS2_Handler
                0x004001bc                UART0_Handler
                0x004001bc                PIOC_Handler
                0x004001bc                BusFault_Handler
                0x004001bc                RSTC_Handler
                0x004001bc                TC0_Handler
                0x004001bc                TC5_Handler
                0x004001bc                ICM_Handler
                0x004001bc                AES_Handler
                0x004001bc                TWIHS0_Handler
                0x004001bc                SPI0_Handler
 *fill*         0x004001be        0x2 
 .text.Reset_Handler
                0x004001c0       0x84 Device_Startup/startup_same70q21.o
                0x004001c0                Reset_Handler
 .text.CTRL_SPI_PORT_init
                0x00400244       0x4c driver_init.o
                0x00400244                CTRL_SPI_PORT_init
 .text.CTRL_SPI_CLOCK_init
                0x00400290       0x18 driver_init.o
                0x00400290                CTRL_SPI_CLOCK_init
 .text.CTRL_SPI_init
                0x004002a8       0x28 driver_init.o
                0x004002a8                CTRL_SPI_init
 .text.system_init
                0x004002d0       0x68 driver_init.o
                0x004002d0                system_init
 .text.atomic_enter_critical
                0x00400338        0xe hal/src/hal_atomic.o
                0x00400338                atomic_enter_critical
 .text.atomic_leave_critical
                0x00400346        0xc hal/src/hal_atomic.o
                0x00400346                atomic_leave_critical
 *fill*         0x00400352        0x2 
 .text.spi_m_sync_init
                0x00400354       0x50 hal/src/hal_spi_m_sync.o
                0x00400354                spi_m_sync_init
 .text.spi_m_sync_transfer
                0x004003a4       0x40 hal/src/hal_spi_m_sync.o
                0x004003a4                spi_m_sync_transfer
 .text._spi_m_sync_io_write
                0x004003e4       0x3c hal/src/hal_spi_m_sync.o
 .text._spi_m_sync_io_read
                0x00400420       0x3c hal/src/hal_spi_m_sync.o
 .text.assert   0x0040045c        0x6 hal/utils/src/utils_assert.o
                0x0040045c                assert
 *fill*         0x00400462        0x2 
 .text._init_chip
                0x00400464       0x54 hpl/core/hpl_init.o
                0x00400464                _init_chip
 .text._pmc_init
                0x004004b8       0x8c hpl/pmc/hpl_pmc.o
                0x004004b8                _pmc_init
 .text._spi_m_sync_init
                0x00400544       0x88 hpl/spi/hpl_spi.o
                0x00400544                _spi_m_sync_init
 .text._spi_m_sync_trans
                0x004005cc       0xe8 hpl/spi/hpl_spi.o
                0x004005cc                _spi_m_sync_trans
 .text.main     0x004006b4       0x14 main.o
                0x004006b4                main
 .text.__libc_init_array
                0x004006c8       0x48 c:/program files (x86)/atmel/studio/7.0/toolchain/arm/arm-gnu-toolchain/bin/../lib/gcc/arm-none-eabi/6.2.1/../../../../arm-none-eabi/lib/thumb/v7e-m\libc_nano.a(lib_a-init.o)
                0x004006c8                __libc_init_array
 *(.glue_7t)
 .glue_7t       0x00400710        0x0 linker stubs
 *(.glue_7)
 .glue_7        0x00400710        0x0 linker stubs
 *(.rodata .rodata* .gnu.linkonce.r.*)
 .rodata.str1.4
                0x00400710       0x1c hal/src/hal_spi_m_sync.o
 .rodata.str1.4
                0x0040072c       0x18 hpl/spi/hpl_spi.o
                                 0x15 (size before relaxing)
 *(.ARM.extab* .gnu.linkonce.armextab.*)
                0x00400744                . = ALIGN (0x4)
 *(.init)
 .init          0x00400744        0x4 c:/program files (x86)/atmel/studio/7.0/toolchain/arm/arm-gnu-toolchain/bin/../lib/gcc/arm-none-eabi/6.2.1/thumb/v7e-m/crti.o
                0x00400744                _init
 .init          0x00400748        0x8 c:/program files (x86)/atmel/studio/7.0/toolchain/arm/arm-gnu-toolchain/bin/../lib/gcc/arm-none-eabi/6.2.1/thumb/v7e-m/crtn.o
                0x00400750                . = ALIGN (0x4)
                0x00400750                __preinit_array_start = .
 *(.preinit_array)
                0x00400750                __preinit_array_end = .
                0x00400750                . = ALIGN (0x4)
                0x00400750                __init_array_start = .
 *(SORT(.init_array.*))
 *(.init_array)
 .init_array    0x00400750        0x4 c:/program files (x86)/atmel/studio/7.0/toolchain/arm/arm-gnu-toolchain/bin/../lib/gcc/arm-none-eabi/6.2.1/thumb/v7e-m/crtbegin.o
                0x00400754                __init_array_end = .
                0x00400754                . = ALIGN (0x4)
 *crtbegin.o(.ctors)
 *(EXCLUDE_FILE(*crtend.o) .ctors)
 *(SORT(.ctors.*))
 *crtend.o(.ctors)
                0x00400754                . = ALIGN (0x4)
 *(.fini)
 .fini          0x00400754        0x4 c:/program files (x86)/atmel/studio/7.0/toolchain/arm/arm-gnu-toolchain/bin/../lib/gcc/arm-none-eabi/6.2.1/thumb/v7e-m/crti.o
                0x00400754                _fini
 .fini          0x00400758        0x8 c:/program files (x86)/atmel/studio/7.0/toolchain/arm/arm-gnu-toolchain/bin/../lib/gcc/arm-none-eabi/6.2.1/thumb/v7e-m/crtn.o
                0x00400760                . = ALIGN (0x4)
                0x00400760                __fini_array_start = .
 *(.fini_array)
 .fini_array    0x00400760        0x4 c:/program files (x86)/atmel/studio/7.0/toolchain/arm/arm-gnu-toolchain/bin/../lib/gcc/arm-none-eabi/6.2.1/thumb/v7e-m/crtbegin.o
 *(SORT(.fini_array.*))
                0x00400764                __fini_array_end = .
 *crtbegin.o(.dtors)
 *(EXCLUDE_FILE(*crtend.o) .dtors)
 *(SORT(.dtors.*))
 *crtend.o(.dtors)
                0x00400764                . = ALIGN (0x4)
                0x00400764                _efixed = .
                [!provide]                PROVIDE (__exidx_start, .)

.vfp11_veneer   0x00400764        0x0
 .vfp11_veneer  0x00400764        0x0 linker stubs

.v4_bx          0x00400764        0x0
 .v4_bx         0x00400764        0x0 linker stubs

.iplt           0x00400764        0x0
 .iplt          0x00400764        0x0 c:/program files (x86)/atmel/studio/7.0/toolchain/arm/arm-gnu-toolchain/bin/../lib/gcc/arm-none-eabi/6.2.1/thumb/v7e-m/crtbegin.o

.eh_frame       0x00400764        0x0
 .eh_frame      0x00400764        0x0 c:/program files (x86)/atmel/studio/7.0/toolchain/arm/arm-gnu-toolchain/bin/../lib/gcc/arm-none-eabi/6.2.1/thumb/v7e-m/crtbegin.o

.rel.dyn        0x00400764        0x0
 .rel.iplt      0x00400764        0x0 c:/program files (x86)/atmel/studio/7.0/toolchain/arm/arm-gnu-toolchain/bin/../lib/gcc/arm-none-eabi/6.2.1/thumb/v7e-m/crtbegin.o

.jcr            0x00400764        0x0
 .jcr           0x00400764        0x0 c:/program files (x86)/atmel/studio/7.0/toolchain/arm/arm-gnu-toolchain/bin/../lib/gcc/arm-none-eabi/6.2.1/thumb/v7e-m/crtbegin.o

.igot.plt       0x00400764        0x0
 .igot.plt      0x00400764        0x0 c:/program files (x86)/atmel/studio/7.0/toolchain/arm/arm-gnu-toolchain/bin/../lib/gcc/arm-none-eabi/6.2.1/thumb/v7e-m/crtbegin.o

.ARM.exidx
 *(.ARM.exidx* .gnu.linkonce.armexidx.*)
                [!provide]                PROVIDE (__exidx_end, .)
                0x00400764                . = ALIGN (0x4)
                0x00400764                _etext = .

.relocate       0x20400000        0x0 load address 0x00400764
                0x20400000                . = ALIGN (0x4)
                0x20400000                _srelocate = .
 *(.ramfunc .ramfunc.*)
 *(.data .data.*)
                0x20400000                . = ALIGN (0x4)
                0x20400000                _erelocate = .

.bss            0x20400000       0x30
                0x20400000                . = ALIGN (0x4)
                0x20400000                _sbss = .
                0x20400000                _szero = .
 *(.bss .bss.*)
 .bss           0x20400000       0x1c c:/program files (x86)/atmel/studio/7.0/toolchain/arm/arm-gnu-toolchain/bin/../lib/gcc/arm-none-eabi/6.2.1/thumb/v7e-m/crtbegin.o
 *(COMMON)
 COMMON         0x2040001c       0x14 driver_init.o
                0x2040001c                CTRL_SPI
                0x20400030                . = ALIGN (0x4)
                0x20400030                _ebss = .
                0x20400030                _ezero = .

.heap           0x20400030      0x200
                0x20400030                . = ALIGN (0x8)
                0x20400030                _sheap = .
                0x20400230                . = (. + HEAP_SIZE)
 *fill*         0x20400030      0x200 
                0x20400230                . = ALIGN (0x8)
                0x20400230                _eheap = .

.stack          0x20400230      0x400
                0x20400230                . = ALIGN (0x8)
                0x20400230                _sstack = .
                0x20400630                . = (. + STACK_SIZE)
 *fill*         0x20400230      0x400 
                0x20400630                . = ALIGN (0x8)
                0x20400630                _estack = .
                0x20400630                . = ALIGN (0x4)
                0x20400630                _end = .
                0x2045ffff                _ram_end_ = ((ORIGIN (ram) + LENGTH (ram)) - 0x1)
OUTPUT(bringup.elf elf32-littlearm)

.ARM.attributes
                0x00000000       0x2e
 .ARM.attributes
                0x00000000       0x1e c:/program files (x86)/atmel/studio/7.0/toolchain/arm/arm-gnu-toolchain/bin/../lib/gcc/arm-none-eabi/6.2.1/thumb/v7e-m/crti.o
 .ARM.attributes
                0x0000001e       0x2e c:/program files (x86)/atmel/studio/7.0/toolchain/arm/arm-gnu-toolchain/bin/../lib/gcc/arm-none-eabi/6.2.1/thumb/v7e-m/crtbegin.o
 .ARM.attributes
                0x0000004c       0x37 app/app.o
 .ARM.attributes
                0x00000083       0x37 atmel_start.o
 .ARM.attributes
                0x000000ba       0x37 Device_Startup/startup_same70q21.o
 .ARM.attributes
                0x000000f1       0x37 driver_init.o
 .ARM.attributes
                0x00000128       0x37 hal/src/hal_atomic.o
 .ARM.attributes
                0x0000015f       0x37 hal/src/hal_spi_m_sync.o
 .ARM.attributes
                0x00000196       0x37 hal/utils/src/utils_assert.o
 .ARM.attributes
                0x000001cd       0x37 hpl/core/hpl_init.o
 .ARM.attributes
                0x00000204       0x37 hpl/pmc/hpl_pmc.o
 .ARM.attributes
                0x0000023b       0x37 hpl/spi/hpl_spi.o
 .ARM.attributes
                0x00000272       0x37 main.o
 .ARM.attributes
                0x000002a9       0x2e c:/program files (x86)/atmel/studio/7.0/toolchain/arm/arm-gnu-toolchain/bin/../lib/gcc/arm-none-eabi/6.2.1/../../../../arm-none-eabi/lib/thumb/v7e-m\libc_nano.a(lib_a-init.o)
 .ARM.attributes
                0x000002d7       0x1e c:/program files (x86)/atmel/studio/7.0/toolchain/arm/arm-gnu-toolchain/bin/../lib/gcc/arm-none-eabi/6.2.1/thumb/v7e-m/crtn.o

.comment        0x00000000       0x59
 .comment       0x00000000       0x59 app/app.o
                                 0x5a (size before relaxing)
 .comment       0x00000059       0x5a atmel_start.o
 .comment       0x00000059       0x5a Device_Startup/startup_same70q21.o
 .comment       0x00000059       0x5a driver_init.o
 .comment       0x00000059       0x5a hal/src/hal_atomic.o
 .comment       0x00000059       0x5a hal/src/hal_spi_m_sync.o
 .comment       0x00000059       0x5a hal/utils/src/utils_assert.o
 .comment       0x00000059       0x5a hpl/core/hpl_init.o
 .comment       0x00000059       0x5a hpl/pmc/hpl_pmc.o
 .comment       0x00000059       0x5a hpl/spi/hpl_spi.o
 .comment       0x00000059       0x5a main.o

.debug_info     0x00000000     0x7829
 .debug_info    0x00000000      0x20b app/app.o
 .debug_info    0x0000020b      0x227 atmel_start.o
 .debug_info    0x00000432      0xa6b Device_Startup/startup_same70q21.o
 .debug_info    0x00000e9d     0x19d3 driver_init.o
 .debug_info    0x00002870      0x1ee hal/src/hal_atomic.o
 .debug_info    0x00002a5e      0xa15 hal/src/hal_spi_m_sync.o
 .debug_info    0x00003473      0x10d hal/utils/src/utils_assert.o
 .debug_info    0x00003580      0x6a3 hpl/core/hpl_init.o
 .debug_info    0x00003c23      0x86e hpl/pmc/hpl_pmc.o
 .debug_info    0x00004491     0x3157 hpl/spi/hpl_spi.o
 .debug_info    0x000075e8      0x241 main.o

.debug_abbrev   0x00000000     0x11af
 .debug_abbrev  0x00000000       0xd3 app/app.o
 .debug_abbrev  0x000000d3       0xf2 atmel_start.o
 .debug_abbrev  0x000001c5      0x153 Device_Startup/startup_same70q21.o
 .debug_abbrev  0x00000318      0x2cf driver_init.o
 .debug_abbrev  0x000005e7      0x135 hal/src/hal_atomic.o
 .debug_abbrev  0x0000071c      0x1af hal/src/hal_spi_m_sync.o
 .debug_abbrev  0x000008cb       0x8d hal/utils/src/utils_assert.o
 .debug_abbrev  0x00000958      0x1c5 hpl/core/hpl_init.o
 .debug_abbrev  0x00000b1d      0x1bf hpl/pmc/hpl_pmc.o
 .debug_abbrev  0x00000cdc      0x3df hpl/spi/hpl_spi.o
 .debug_abbrev  0x000010bb       0xf4 main.o

.debug_aranges  0x00000000      0x388
 .debug_aranges
                0x00000000       0x20 app/app.o
 .debug_aranges
                0x00000020       0x20 atmel_start.o
 .debug_aranges
                0x00000040       0x28 Device_Startup/startup_same70q21.o
 .debug_aranges
                0x00000068       0x38 driver_init.o
 .debug_aranges
                0x000000a0       0x30 hal/src/hal_atomic.o
 .debug_aranges
                0x000000d0       0x80 hal/src/hal_spi_m_sync.o
 .debug_aranges
                0x00000150       0x20 hal/utils/src/utils_assert.o
 .debug_aranges
                0x00000170       0x20 hpl/core/hpl_init.o
 .debug_aranges
                0x00000190       0x20 hpl/pmc/hpl_pmc.o
 .debug_aranges
                0x000001b0      0x1b8 hpl/spi/hpl_spi.o
 .debug_aranges
                0x00000368       0x20 main.o

.debug_ranges   0x00000000      0x390
 .debug_ranges  0x00000000       0x10 app/app.o
 .debug_ranges  0x00000010       0x10 atmel_start.o
 .debug_ranges  0x00000020       0x18 Device_Startup/startup_same70q21.o
 .debug_ranges  0x00000038       0x28 driver_init.o
 .debug_ranges  0x00000060       0x20 hal/src/hal_atomic.o
 .debug_ranges  0x00000080       0x70 hal/src/hal_spi_m_sync.o
 .debug_ranges  0x000000f0       0x10 hal/utils/src/utils_assert.o
 .debug_ranges  0x00000100       0x10 hpl/core/hpl_init.o
 .debug_ranges  0x00000110       0x10 hpl/pmc/hpl_pmc.o
 .debug_ranges  0x00000120      0x260 hpl/spi/hpl_spi.o
 .debug_ranges  0x00000380       0x10 main.o

.debug_macro    0x00000000    0x35dc5
 .debug_macro   0x00000000      0x701 app/app.o
 .debug_macro   0x00000701      0x8aa app/app.o
 .debug_macro   0x00000fab      0x16d app/app.o
 .debug_macro   0x00001118       0x22 app/app.o
 .debug_macro   0x0000113a       0x87 app/app.o
 .debug_macro   0x000011c1       0x51 app/app.o
 .debug_macro   0x00001212       0xef app/app.o
 .debug_macro   0x00001301       0x6a app/app.o
 .debug_macro   0x0000136b      0x1df app/app.o
 .debug_macro   0x0000154a       0x22 app/app.o
 .debug_macro   0x0000156c       0x7c app/app.o
 .debug_macro   0x000015e8       0x3b app/app.o
 .debug_macro   0x00001623       0x2d app/app.o
 .debug_macro   0x00001650       0x26 app/app.o
 .debug_macro   0x00001676      0xf9a app/app.o
 .debug_macro   0x00002610      0x3de app/app.o
 .debug_macro   0x000029ee      0x58e app/app.o
 .debug_macro   0x00002f7c     0x173f app/app.o
 .debug_macro   0x000046bb      0x3b7 app/app.o
 .debug_macro   0x00004a72      0x817 app/app.o
 .debug_macro   0x00005289      0x312 app/app.o
 .debug_macro   0x0000559b     0x3440 app/app.o
 .debug_macro   0x000089db       0x40 app/app.o
 .debug_macro   0x00008a1b     0x105a app/app.o
 .debug_macro   0x00009a75      0x551 app/app.o
 .debug_macro   0x00009fc6      0xb7d app/app.o
 .debug_macro   0x0000ab43      0x500 app/app.o
 .debug_macro   0x0000b043     0x3197 app/app.o
 .debug_macro   0x0000e1da     0x83fb app/app.o
 .debug_macro   0x000165d5     0x2e57 app/app.o
 .debug_macro   0x0001942c     0x23ec app/app.o
 .debug_macro   0x0001b818      0x87b app/app.o
 .debug_macro   0x0001c093      0x17d app/app.o
 .debug_macro   0x0001c210      0x118 app/app.o
 .debug_macro   0x0001c328      0x952 app/app.o
 .debug_macro   0x0001cc7a      0x121 app/app.o
 .debug_macro   0x0001cd9b      0x500 app/app.o
 .debug_macro   0x0001d29b      0x3e0 app/app.o
 .debug_macro   0x0001d67b      0x69a app/app.o
 .debug_macro   0x0001dd15      0xb0f app/app.o
 .debug_macro   0x0001e824      0xeea app/app.o
 .debug_macro   0x0001f70e      0xbaf app/app.o
 .debug_macro   0x000202bd      0x124 app/app.o
 .debug_macro   0x000203e1      0xbd3 app/app.o
 .debug_macro   0x00020fb4      0x5c1 app/app.o
 .debug_macro   0x00021575     0x1204 app/app.o
 .debug_macro   0x00022779     0x34e5 app/app.o
 .debug_macro   0x00025c5e       0xb2 app/app.o
 .debug_macro   0x00025d10      0x12d app/app.o
 .debug_macro   0x00025e3d     0x2783 app/app.o
 .debug_macro   0x000285c0       0x46 app/app.o
 .debug_macro   0x00028606      0x144 app/app.o
 .debug_macro   0x0002874a       0xc4 app/app.o
 .debug_macro   0x0002880e       0xc4 app/app.o
 .debug_macro   0x000288d2       0x16 app/app.o
 .debug_macro   0x000288e8       0x76 app/app.o
 .debug_macro   0x0002895e       0x40 app/app.o
 .debug_macro   0x0002899e      0x56d app/app.o
 .debug_macro   0x00028f0b       0x40 app/app.o
 .debug_macro   0x00028f4b      0x7c7 app/app.o
 .debug_macro   0x00029712       0x82 app/app.o
 .debug_macro   0x00029794       0xa6 app/app.o
 .debug_macro   0x0002983a      0x127 app/app.o
 .debug_macro   0x00029961      0x119 app/app.o
 .debug_macro   0x00029a7a      0x119 app/app.o
 .debug_macro   0x00029b93      0x17d app/app.o
 .debug_macro   0x00029d10      0x176 app/app.o
 .debug_macro   0x00029e86      0x176 app/app.o
 .debug_macro   0x00029ffc      0x176 app/app.o
 .debug_macro   0x0002a172      0x176 app/app.o
 .debug_macro   0x0002a2e8      0x11f app/app.o
 .debug_macro   0x0002a407      0x313 app/app.o
 .debug_macro   0x0002a71a      0x313 app/app.o
 .debug_macro   0x0002aa2d       0x7c app/app.o
 .debug_macro   0x0002aaa9       0x22 app/app.o
 .debug_macro   0x0002aacb       0x22 app/app.o
 .debug_macro   0x0002aaed       0x5e app/app.o
 .debug_macro   0x0002ab4b       0x28 app/app.o
 .debug_macro   0x0002ab73       0x5e app/app.o
 .debug_macro   0x0002abd1       0x8e app/app.o
 .debug_macro   0x0002ac5f       0x76 app/app.o
 .debug_macro   0x0002acd5       0x76 app/app.o
 .debug_macro   0x0002ad4b       0x88 app/app.o
 .debug_macro   0x0002add3       0x34 app/app.o
 .debug_macro   0x0002ae07      0x143 app/app.o
 .debug_macro   0x0002af4a      0x143 app/app.o
 .debug_macro   0x0002b08d      0x143 app/app.o
 .debug_macro   0x0002b1d0      0x143 app/app.o
 .debug_macro   0x0002b313       0x34 app/app.o
 .debug_macro   0x0002b347       0x7c app/app.o
 .debug_macro   0x0002b3c3       0x7c app/app.o
 .debug_macro   0x0002b43f       0x7c app/app.o
 .debug_macro   0x0002b4bb       0x5e app/app.o
 .debug_macro   0x0002b519       0x5e app/app.o
 .debug_macro   0x0002b577       0x5e app/app.o
 .debug_macro   0x0002b5d5       0x5e app/app.o
 .debug_macro   0x0002b633       0x5e app/app.o
 .debug_macro   0x0002b691       0xd6 app/app.o
 .debug_macro   0x0002b767       0xd6 app/app.o
 .debug_macro   0x0002b83d       0xd6 app/app.o
 .debug_macro   0x0002b913      0x718 app/app.o
 .debug_macro   0x0002c02b       0x16 app/app.o
 .debug_macro   0x0002c041       0x22 app/app.o
 .debug_macro   0x0002c063      0x9b8 app/app.o
 .debug_macro   0x0002ca1b      0x559 app/app.o
 .debug_macro   0x0002cf74     0x3a74 app/app.o
 .debug_macro   0x000309e8      0x15b app/app.o
 .debug_macro   0x00030b43       0x10 app/app.o
 .debug_macro   0x00030b53       0x10 app/app.o
 .debug_macro   0x00030b63       0x16 app/app.o
 .debug_macro   0x00030b79       0x16 app/app.o
 .debug_macro   0x00030b8f       0x16 app/app.o
 .debug_macro   0x00030ba5       0x16 app/app.o
 .debug_macro   0x00030bbb       0x16 app/app.o
 .debug_macro   0x00030bd1       0x16 app/app.o
 .debug_macro   0x00030be7       0x16 app/app.o
 .debug_macro   0x00030bfd       0x16 app/app.o
 .debug_macro   0x00030c13       0x16 app/app.o
 .debug_macro   0x00030c29       0x16 app/app.o
 .debug_macro   0x00030c3f       0x16 app/app.o
 .debug_macro   0x00030c55       0x16 app/app.o
 .debug_macro   0x00030c6b       0x16 app/app.o
 .debug_macro   0x00030c81       0x16 app/app.o
 .debug_macro   0x00030c97       0x16 app/app.o
 .debug_macro   0x00030cad       0x16 app/app.o
 .debug_macro   0x00030cc3       0x16 app/app.o
 .debug_macro   0x00030cd9       0x16 app/app.o
 .debug_macro   0x00030cef       0x16 app/app.o
 .debug_macro   0x00030d05       0x16 app/app.o
 .debug_macro   0x00030d1b       0x16 app/app.o
 .debug_macro   0x00030d31       0x16 app/app.o
 .debug_macro   0x00030d47       0x16 app/app.o
 .debug_macro   0x00030d5d       0x16 app/app.o
 .debug_macro   0x00030d73       0x16 app/app.o
 .debug_macro   0x00030d89       0x16 app/app.o
 .debug_macro   0x00030d9f       0x16 app/app.o
 .debug_macro   0x00030db5       0x16 app/app.o
 .debug_macro   0x00030dcb       0x16 app/app.o
 .debug_macro   0x00030de1       0x16 app/app.o
 .debug_macro   0x00030df7       0x16 app/app.o
 .debug_macro   0x00030e0d       0x16 app/app.o
 .debug_macro   0x00030e23       0x16 app/app.o
 .debug_macro   0x00030e39       0x16 app/app.o
 .debug_macro   0x00030e4f       0xca app/app.o
 .debug_macro   0x00030f19       0x1c app/app.o
 .debug_macro   0x00030f35       0x16 app/app.o
 .debug_macro   0x00030f4b       0x3a app/app.o
 .debug_macro   0x00030f85       0xc9 app/app.o
 .debug_macro   0x0003104e      0x6eb atmel_start.o
 .debug_macro   0x00031739      0x439 Device_Startup/startup_same70q21.o
 .debug_macro   0x00031b72       0x76 Device_Startup/startup_same70q21.o
 .debug_macro   0x00031be8      0x6f4 driver_init.o
 .debug_macro   0x000322dc       0x10 driver_init.o
 .debug_macro   0x000322ec       0x3a driver_init.o
 .debug_macro   0x00032326      0x602 hal/src/hal_atomic.o
 .debug_macro   0x00032928      0x65f hal/src/hal_spi_m_sync.o
 .debug_macro   0x00032f87      0x60c hal/utils/src/utils_assert.o
 .debug_macro   0x00033593       0x10 hal/utils/src/utils_assert.o
 .debug_macro   0x000335a3      0x67a hpl/core/hpl_init.o
 .debug_macro   0x00033c1d      0x324 hpl/core/hpl_init.o
 .debug_macro   0x00033f41      0x9df hpl/core/hpl_init.o
 .debug_macro   0x00034920      0x62b hpl/pmc/hpl_pmc.o
 .debug_macro   0x00034f4b      0x6d2 hpl/spi/hpl_spi.o
 .debug_macro   0x0003561d       0x64 hpl/spi/hpl_spi.o
 .debug_macro   0x00035681       0x1c hpl/spi/hpl_spi.o
 .debug_macro   0x0003569d       0x22 hpl/spi/hpl_spi.o
 .debug_macro   0x000356bf       0x10 hpl/spi/hpl_spi.o
 .debug_macro   0x000356cf      0x6f6 main.o

.debug_line     0x00000000     0x8e28
 .debug_line    0x00000000      0xcbe app/app.o
 .debug_line    0x00000cbe      0xc9d atmel_start.o
 .debug_line    0x0000195b      0x804 Device_Startup/startup_same70q21.o
 .debug_line    0x0000215f      0xd76 driver_init.o
 .debug_line    0x00002ed5      0xb9e hal/src/hal_atomic.o
 .debug_line    0x00003a73      0xcb8 hal/src/hal_spi_m_sync.o
 .debug_line    0x0000472b      0xb6f hal/utils/src/utils_assert.o
 .debug_line    0x0000529a      0xc55 hpl/core/hpl_init.o
 .debug_line    0x00005eef      0xc17 hpl/pmc/hpl_pmc.o
 .debug_line    0x00006b06     0x1677 hpl/spi/hpl_spi.o
 .debug_line    0x0000817d      0xcab main.o

.debug_str      0x00000000   0x1158f0
 .debug_str     0x00000000   0x10feff app/app.o
                             0x1108be (size before relaxing)
 .debug_str     0x0010feff       0x30 atmel_start.o
                             0x1108c5 (size before relaxing)
 .debug_str     0x0010ff2f      0x738 Device_Startup/startup_same70q21.o
                             0x10f406 (size before relaxing)
 .debug_str     0x00110667      0x974 driver_init.o
                             0x11126b (size before relaxing)
 .debug_str     0x00110fdb       0xa3 hal/src/hal_atomic.o
                             0x110042 (size before relaxing)
 .debug_str     0x0011107e      0x2e5 hal/src/hal_spi_m_sync.o
                             0x110993 (size before relaxing)
 .debug_str     0x00111363       0x2f hal/utils/src/utils_assert.o
                             0x11003e (size before relaxing)
 .debug_str     0x00111392     0x309f hpl/core/hpl_init.o
                             0x113456 (size before relaxing)
 .debug_str     0x00114431      0x1d6 hpl/pmc/hpl_pmc.o
                             0x111074 (size before relaxing)
 .debug_str     0x00114607     0x12dd hpl/spi/hpl_spi.o
                             0x111cd9 (size before relaxing)
 .debug_str     0x001158e4        0xc main.o
                             0x1108c8 (size before relaxing)

.debug_frame    0x00000000      0x8a4
 .debug_frame   0x00000000       0x20 app/app.o
 .debug_frame   0x00000020       0x28 atmel_start.o
 .debug_frame   0x00000048       0x38 Device_Startup/startup_same70q21.o
 .debug_frame   0x00000080       0x60 driver_init.o
 .debug_frame   0x000000e0       0x40 hal/src/hal_atomic.o
 .debug_frame   0x00000120      0x178 hal/src/hal_spi_m_sync.o
 .debug_frame   0x00000298       0x20 hal/utils/src/utils_assert.o
 .debug_frame   0x000002b8       0x2c hpl/core/hpl_init.o
 .debug_frame   0x000002e4       0x20 hpl/pmc/hpl_pmc.o
 .debug_frame   0x00000304      0x54c hpl/spi/hpl_spi.o
 .debug_frame   0x00000850       0x28 main.o
 .debug_frame   0x00000878       0x2c c:/program files (x86)/atmel/studio/7.0/toolchain/arm/arm-gnu-toolchain/bin/../lib/gcc/arm-none-eabi/6.2.1/../../../../arm-none-eabi/lib/thumb/v7e-m\libc_nano.a(lib_a-init.o)

.debug_loc      0x00000000     0x328f
 .debug_loc     0x00000000       0x20 atmel_start.o
 .debug_loc     0x00000020       0x6b Device_Startup/startup_same70q21.o
 .debug_loc     0x0000008b      0x483 driver_init.o
 .debug_loc     0x0000050e       0x13 hal/src/hal_atomic.o
 .debug_loc     0x00000521      0x62e hal/src/hal_spi_m_sync.o
 .debug_loc     0x00000b4f       0x77 hpl/core/hpl_init.o
 .debug_loc     0x00000bc6      0x1fc hpl/pmc/hpl_pmc.o
 .debug_loc     0x00000dc2     0x24ad hpl/spi/hpl_spi.o
 .debug_loc     0x0000326f       0x20 main.o
